2026-01-13 15:53:15.924 [main] INFO  c.g.a.AuthServiceApplication - Starting AuthServiceApplication using Java 21.0.7 with PID 19246 (/Users/gaoshijie/u_Document/cloud-based-color-grading/cloud-based-color-grading/java/cloud-based-color-grading/auth-service/target/classes started by gaoshijie in /Users/gaoshijie/u_Document/cloud-based-color-grading/cloud-based-color-grading/java/cloud-based-color-grading)
2026-01-13 15:53:15.925 [main] INFO  c.g.a.AuthServiceApplication - No active profile set, falling back to 1 default profile: "default"
2026-01-13 15:53:16.267 [main] INFO  o.s.d.r.c.RepositoryConfigurationDelegate - Multiple Spring Data modules found, entering strict repository configuration mode
2026-01-13 15:53:16.268 [main] INFO  o.s.d.r.c.RepositoryConfigurationDelegate - Bootstrapping Spring Data Redis repositories in DEFAULT mode.
2026-01-13 15:53:16.280 [main] INFO  o.s.d.r.c.RepositoryConfigurationDelegate - Finished Spring Data repository scanning in 7 ms. Found 0 Redis repository interfaces.
2026-01-13 15:53:16.365 [main] INFO  o.s.cloud.context.scope.GenericScope - BeanFactory id=11c2d48c-b5aa-3fc9-8c75-0c97a6fc1601
2026-01-13 15:53:16.527 [main] INFO  o.s.b.w.e.tomcat.TomcatWebServer - Tomcat initialized with port 8081 (http)
2026-01-13 15:53:16.532 [main] INFO  o.a.catalina.core.StandardService - Starting service [Tomcat]
2026-01-13 15:53:16.532 [main] INFO  o.a.catalina.core.StandardEngine - Starting Servlet engine: [Apache Tomcat/10.1.30]
2026-01-13 15:53:16.568 [main] INFO  o.a.c.c.C.[Tomcat].[localhost].[/] - Initializing Spring embedded WebApplicationContext
2026-01-13 15:53:16.568 [main] INFO  o.s.b.w.s.c.ServletWebServerApplicationContext - Root WebApplicationContext: initialization completed in 622 ms
2026-01-13 15:53:16.657 [main] INFO  com.zaxxer.hikari.HikariDataSource - HikariPool-1 - Starting...
2026-01-13 15:53:16.857 [main] INFO  com.zaxxer.hikari.pool.HikariPool - HikariPool-1 - Added connection com.mysql.cj.jdbc.ConnectionImpl@2fac80a8
2026-01-13 15:53:16.858 [main] INFO  com.zaxxer.hikari.HikariDataSource - HikariPool-1 - Start completed.
2026-01-13 15:53:17.228 [main] INFO  o.s.b.w.e.tomcat.TomcatWebServer - Tomcat started on port 8081 (http) with context path ''
2026-01-13 15:53:17.236 [main] INFO  c.g.a.AuthServiceApplication - Started AuthServiceApplication in 1.506 seconds (process running for 1.756)
2026-01-13 15:53:32.190 [SpringApplicationShutdownHook] INFO  com.zaxxer.hikari.HikariDataSource - HikariPool-1 - Shutdown initiated...
2026-01-13 15:53:32.195 [SpringApplicationShutdownHook] INFO  com.zaxxer.hikari.HikariDataSource - HikariPool-1 - Shutdown completed.
2026-01-13 15:53:33.240 [main] INFO  c.g.a.AuthServiceApplication - Starting AuthServiceApplication using Java 21.0.7 with PID 19262 (/Users/gaoshijie/u_Document/cloud-based-color-grading/cloud-based-color-grading/java/cloud-based-color-grading/auth-service/target/classes started by gaoshijie in /Users/gaoshijie/u_Document/cloud-based-color-grading/cloud-based-color-grading/java/cloud-based-color-grading)
2026-01-13 15:53:33.241 [main] INFO  c.g.a.AuthServiceApplication - No active profile set, falling back to 1 default profile: "default"
2026-01-13 15:53:33.565 [main] INFO  o.s.d.r.c.RepositoryConfigurationDelegate - Multiple Spring Data modules found, entering strict repository configuration mode
2026-01-13 15:53:33.566 [main] INFO  o.s.d.r.c.RepositoryConfigurationDelegate - Bootstrapping Spring Data Redis repositories in DEFAULT mode.
2026-01-13 15:53:33.577 [main] INFO  o.s.d.r.c.RepositoryConfigurationDelegate - Finished Spring Data repository scanning in 5 ms. Found 0 Redis repository interfaces.
2026-01-13 15:53:33.682 [main] INFO  o.s.cloud.context.scope.GenericScope - BeanFactory id=11c2d48c-b5aa-3fc9-8c75-0c97a6fc1601
2026-01-13 15:53:33.831 [main] INFO  o.s.b.w.e.tomcat.TomcatWebServer - Tomcat initialized with port 8081 (http)
2026-01-13 15:53:33.836 [main] INFO  o.a.catalina.core.StandardService - Starting service [Tomcat]
2026-01-13 15:53:33.836 [main] INFO  o.a.catalina.core.StandardEngine - Starting Servlet engine: [Apache Tomcat/10.1.30]
2026-01-13 15:53:33.864 [main] INFO  o.a.c.c.C.[Tomcat].[localhost].[/] - Initializing Spring embedded WebApplicationContext
2026-01-13 15:53:33.864 [main] INFO  o.s.b.w.s.c.ServletWebServerApplicationContext - Root WebApplicationContext: initialization completed in 603 ms
2026-01-13 15:53:33.931 [main] INFO  com.zaxxer.hikari.HikariDataSource - HikariPool-1 - Starting...
2026-01-13 15:53:34.134 [main] INFO  com.zaxxer.hikari.pool.HikariPool - HikariPool-1 - Added connection com.mysql.cj.jdbc.ConnectionImpl@4af12a63
2026-01-13 15:53:34.135 [main] INFO  com.zaxxer.hikari.HikariDataSource - HikariPool-1 - Start completed.
2026-01-13 15:53:34.508 [main] INFO  o.s.b.w.e.tomcat.TomcatWebServer - Tomcat started on port 8081 (http) with context path ''
2026-01-13 15:53:34.515 [main] INFO  c.g.a.AuthServiceApplication - Started AuthServiceApplication in 1.493 seconds (process running for 1.737)
2026-01-13 16:19:32.339 [SpringApplicationShutdownHook] INFO  com.zaxxer.hikari.HikariDataSource - HikariPool-1 - Shutdown initiated...
2026-01-13 16:19:32.347 [SpringApplicationShutdownHook] INFO  com.zaxxer.hikari.HikariDataSource - HikariPool-1 - Shutdown completed.
2026-01-13 16:19:36.835 [main] INFO  c.g.a.AuthServiceApplication - Starting AuthServiceApplication using Java 21.0.7 with PID 19542 (/Users/gaoshijie/u_Document/cloud-based-color-grading/cloud-based-color-grading/java/cloud-based-color-grading/auth-service/target/classes started by gaoshijie in /Users/gaoshijie/u_Document/cloud-based-color-grading/cloud-based-color-grading/java/cloud-based-color-grading)
2026-01-13 16:19:36.836 [main] INFO  c.g.a.AuthServiceApplication - No active profile set, falling back to 1 default profile: "default"
2026-01-13 16:19:37.026 [main] INFO  o.s.d.r.c.RepositoryConfigurationDelegate - Multiple Spring Data modules found, entering strict repository configuration mode
2026-01-13 16:19:37.026 [main] INFO  o.s.d.r.c.RepositoryConfigurationDelegate - Bootstrapping Spring Data Redis repositories in DEFAULT mode.
2026-01-13 16:19:37.034 [main] INFO  o.s.d.r.c.RepositoryConfigurationDelegate - Finished Spring Data repository scanning in 3 ms. Found 0 Redis repository interfaces.
2026-01-13 16:19:37.083 [main] INFO  o.s.cloud.context.scope.GenericScope - BeanFactory id=11c2d48c-b5aa-3fc9-8c75-0c97a6fc1601
2026-01-13 16:19:37.196 [main] INFO  o.s.b.w.e.tomcat.TomcatWebServer - Tomcat initialized with port 8081 (http)
2026-01-13 16:19:37.200 [main] INFO  o.a.catalina.core.StandardService - Starting service [Tomcat]
2026-01-13 16:19:37.200 [main] INFO  o.a.catalina.core.StandardEngine - Starting Servlet engine: [Apache Tomcat/10.1.30]
2026-01-13 16:19:37.218 [main] INFO  o.a.c.c.C.[Tomcat].[localhost].[/] - Initializing Spring embedded WebApplicationContext
2026-01-13 16:19:37.218 [main] INFO  o.s.b.w.s.c.ServletWebServerApplicationContext - Root WebApplicationContext: initialization completed in 368 ms
2026-01-13 16:19:37.273 [main] INFO  com.zaxxer.hikari.HikariDataSource - HikariPool-1 - Starting...
2026-01-13 16:19:37.462 [main] INFO  com.zaxxer.hikari.pool.HikariPool - HikariPool-1 - Added connection com.mysql.cj.jdbc.ConnectionImpl@7babed9e
2026-01-13 16:19:37.463 [main] INFO  com.zaxxer.hikari.HikariDataSource - HikariPool-1 - Start completed.
2026-01-13 16:19:37.722 [main] INFO  o.s.b.w.e.tomcat.TomcatWebServer - Tomcat started on port 8081 (http) with context path ''
2026-01-13 16:19:37.727 [main] INFO  c.g.a.AuthServiceApplication - Started AuthServiceApplication in 1.175 seconds (process running for 1.415)
2026-01-13 16:20:02.235 [http-nio-8081-exec-1] INFO  o.a.c.c.C.[Tomcat].[localhost].[/] - Initializing Spring DispatcherServlet 'dispatcherServlet'
2026-01-13 16:20:02.236 [http-nio-8081-exec-1] INFO  o.s.web.servlet.DispatcherServlet - Initializing Servlet 'dispatcherServlet'
2026-01-13 16:20:02.236 [http-nio-8081-exec-1] INFO  o.s.web.servlet.DispatcherServlet - Completed initialization in 0 ms
2026-01-13 16:43:36.452 [SpringApplicationShutdownHook] INFO  com.zaxxer.hikari.HikariDataSource - HikariPool-1 - Shutdown initiated...
2026-01-13 16:43:36.457 [SpringApplicationShutdownHook] INFO  com.zaxxer.hikari.HikariDataSource - HikariPool-1 - Shutdown completed.
2026-01-13 16:43:38.771 [main] INFO  c.g.a.AuthServiceApplication - Starting AuthServiceApplication using Java 21.0.7 with PID 20157 (/Users/gaoshijie/u_Document/cloud-based-color-grading/cloud-based-color-grading/java/cloud-based-color-grading/auth-service/target/classes started by gaoshijie in /Users/gaoshijie/u_Document/cloud-based-color-grading/cloud-based-color-grading/java/cloud-based-color-grading)
2026-01-13 16:43:38.772 [main] INFO  c.g.a.AuthServiceApplication - No active profile set, falling back to 1 default profile: "default"
2026-01-13 16:43:39.125 [main] INFO  o.s.d.r.c.RepositoryConfigurationDelegate - Multiple Spring Data modules found, entering strict repository configuration mode
2026-01-13 16:43:39.127 [main] INFO  o.s.d.r.c.RepositoryConfigurationDelegate - Bootstrapping Spring Data Redis repositories in DEFAULT mode.
2026-01-13 16:43:39.138 [main] INFO  o.s.d.r.c.RepositoryConfigurationDelegate - Finished Spring Data repository scanning in 6 ms. Found 0 Redis repository interfaces.
2026-01-13 16:43:39.229 [main] INFO  o.s.cloud.context.scope.GenericScope - BeanFactory id=11c2d48c-b5aa-3fc9-8c75-0c97a6fc1601
2026-01-13 16:43:39.419 [main] INFO  o.s.b.w.e.tomcat.TomcatWebServer - Tomcat initialized with port 8081 (http)
2026-01-13 16:43:39.426 [main] INFO  o.a.catalina.core.StandardService - Starting service [Tomcat]
2026-01-13 16:43:39.426 [main] INFO  o.a.catalina.core.StandardEngine - Starting Servlet engine: [Apache Tomcat/10.1.30]
2026-01-13 16:43:39.461 [main] INFO  o.a.c.c.C.[Tomcat].[localhost].[/] - Initializing Spring embedded WebApplicationContext
2026-01-13 16:43:39.461 [main] INFO  o.s.b.w.s.c.ServletWebServerApplicationContext - Root WebApplicationContext: initialization completed in 660 ms
2026-01-13 16:43:39.531 [main] INFO  com.zaxxer.hikari.HikariDataSource - HikariPool-1 - Starting...
2026-01-13 16:43:39.733 [main] INFO  com.zaxxer.hikari.pool.HikariPool - HikariPool-1 - Added connection com.mysql.cj.jdbc.ConnectionImpl@50778bde
2026-01-13 16:43:39.734 [main] INFO  com.zaxxer.hikari.HikariDataSource - HikariPool-1 - Start completed.
2026-01-13 16:43:40.017 [main] INFO  o.s.b.w.e.tomcat.TomcatWebServer - Tomcat started on port 8081 (http) with context path ''
2026-01-13 16:43:40.023 [main] INFO  c.g.a.AuthServiceApplication - Started AuthServiceApplication in 1.475 seconds (process running for 1.722)
2026-01-13 16:43:49.492 [http-nio-8081-exec-1] INFO  o.a.c.c.C.[Tomcat].[localhost].[/] - Initializing Spring DispatcherServlet 'dispatcherServlet'
2026-01-13 16:43:49.492 [http-nio-8081-exec-1] INFO  o.s.web.servlet.DispatcherServlet - Initializing Servlet 'dispatcherServlet'
2026-01-13 16:43:49.493 [http-nio-8081-exec-1] INFO  o.s.web.servlet.DispatcherServlet - Completed initialization in 1 ms
2026-01-13 17:45:02.830 [main] INFO  c.g.a.AuthServiceApplication - Starting AuthServiceApplication using Java 21.0.7 with PID 21161 (/Users/gaoshijie/u_Document/cloud-based-color-grading/cloud-based-color-grading/java/cloud-based-color-grading/auth-service/target/classes started by gaoshijie in /Users/gaoshijie/u_Document/cloud-based-color-grading/cloud-based-color-grading/java/cloud-based-color-grading)
2026-01-13 17:45:02.830 [main] INFO  c.g.a.AuthServiceApplication - No active profile set, falling back to 1 default profile: "default"
2026-01-13 17:45:03.057 [main] INFO  o.s.d.r.c.RepositoryConfigurationDelegate - Multiple Spring Data modules found, entering strict repository configuration mode
2026-01-13 17:45:03.058 [main] INFO  o.s.d.r.c.RepositoryConfigurationDelegate - Bootstrapping Spring Data Redis repositories in DEFAULT mode.
2026-01-13 17:45:03.066 [main] INFO  o.s.d.r.c.RepositoryConfigurationDelegate - Finished Spring Data repository scanning in 4 ms. Found 0 Redis repository interfaces.
2026-01-13 17:45:03.122 [main] INFO  o.s.cloud.context.scope.GenericScope - BeanFactory id=11c2d48c-b5aa-3fc9-8c75-0c97a6fc1601
2026-01-13 17:45:03.245 [main] INFO  o.s.b.w.e.tomcat.TomcatWebServer - Tomcat initialized with port 8081 (http)
2026-01-13 17:45:03.253 [main] INFO  o.a.catalina.core.StandardService - Starting service [Tomcat]
2026-01-13 17:45:03.253 [main] INFO  o.a.catalina.core.StandardEngine - Starting Servlet engine: [Apache Tomcat/10.1.30]
2026-01-13 17:45:03.277 [main] INFO  o.a.c.c.C.[Tomcat].[localhost].[/] - Initializing Spring embedded WebApplicationContext
2026-01-13 17:45:03.277 [main] INFO  o.s.b.w.s.c.ServletWebServerApplicationContext - Root WebApplicationContext: initialization completed in 431 ms
2026-01-13 17:45:03.345 [main] INFO  com.zaxxer.hikari.HikariDataSource - HikariPool-1 - Starting...
2026-01-13 17:45:03.543 [main] INFO  com.zaxxer.hikari.pool.HikariPool - HikariPool-1 - Added connection com.mysql.cj.jdbc.ConnectionImpl@2fac80a8
2026-01-13 17:45:03.544 [main] INFO  com.zaxxer.hikari.HikariDataSource - HikariPool-1 - Start completed.
2026-01-13 17:45:03.877 [main] WARN  o.s.b.w.s.c.AnnotationConfigServletWebServerApplicationContext - Exception encountered during context initialization - cancelling refresh attempt: org.springframework.context.ApplicationContextException: Failed to start bean 'webServerStartStop'
2026-01-13 17:45:03.882 [main] INFO  com.zaxxer.hikari.HikariDataSource - HikariPool-1 - Shutdown initiated...
2026-01-13 17:45:03.925 [main] INFO  com.zaxxer.hikari.HikariDataSource - HikariPool-1 - Shutdown completed.
2026-01-13 17:45:03.931 [main] INFO  o.s.b.a.l.ConditionEvaluationReportLogger - 

Error starting ApplicationContext. To display the condition evaluation report re-run your application with 'debug' enabled.
2026-01-13 17:45:03.936 [main] ERROR o.s.b.d.LoggingFailureAnalysisReporter - 

***************************
APPLICATION FAILED TO START
***************************

Description:

Web server failed to start. Port 8081 was already in use.

Action:

Identify and stop the process that's listening on port 8081 or configure this application to listen on another port.

2026-01-13 18:04:15.191 [HikariPool-1 housekeeper] WARN  com.zaxxer.hikari.pool.HikariPool - HikariPool-1 - Thread starvation or clock leap detected (housekeeper delta=16m4s831ms).
2026-01-13 18:20:13.178 [HikariPool-1 housekeeper] WARN  com.zaxxer.hikari.pool.HikariPool - HikariPool-1 - Thread starvation or clock leap detected (housekeeper delta=15m57s987ms).
2026-01-13 18:37:52.182 [HikariPool-1 housekeeper] WARN  com.zaxxer.hikari.pool.HikariPool - HikariPool-1 - Thread starvation or clock leap detected (housekeeper delta=17m8s992ms).
2026-01-13 18:54:12.288 [HikariPool-1 housekeeper] WARN  com.zaxxer.hikari.pool.HikariPool - HikariPool-1 - Thread starvation or clock leap detected (housekeeper delta=15m50s108ms).
2026-01-13 19:04:28.310 [HikariPool-1 housekeeper] WARN  com.zaxxer.hikari.pool.HikariPool - HikariPool-1 - Thread starvation or clock leap detected (housekeeper delta=9m46s11ms).
2026-01-13 19:05:17.876 [HikariPool-1 housekeeper] WARN  com.zaxxer.hikari.pool.HikariPool - HikariPool-1 - Thread starvation or clock leap detected (housekeeper delta=49s566ms).
2026-01-13 19:22:04.534 [HikariPool-1 housekeeper] WARN  com.zaxxer.hikari.pool.HikariPool - HikariPool-1 - Thread starvation or clock leap detected (housekeeper delta=16m16s650ms).
2026-01-13 19:30:39.630 [HikariPool-1 housekeeper] WARN  com.zaxxer.hikari.pool.HikariPool - HikariPool-1 - Thread starvation or clock leap detected (housekeeper delta=8m35s96ms).
2026-01-13 19:52:28.572 [HikariPool-1 housekeeper] WARN  com.zaxxer.hikari.pool.HikariPool - HikariPool-1 - Thread starvation or clock leap detected (housekeeper delta=15m48s886ms).
2026-01-13 19:58:41.986 [HikariPool-1 housekeeper] WARN  com.zaxxer.hikari.pool.HikariPool - HikariPool-1 - Thread starvation or clock leap detected (housekeeper delta=5m43s411ms).
2026-01-13 20:06:24.129 [HikariPool-1 housekeeper] WARN  com.zaxxer.hikari.pool.HikariPool - HikariPool-1 - Thread starvation or clock leap detected (housekeeper delta=6m42s127ms).
2026-01-13 20:22:35.138 [HikariPool-1 housekeeper] WARN  com.zaxxer.hikari.pool.HikariPool - HikariPool-1 - Thread starvation or clock leap detected (housekeeper delta=15m41s8ms).
2026-01-13 20:30:31.256 [HikariPool-1 housekeeper] WARN  com.zaxxer.hikari.pool.HikariPool - HikariPool-1 - Thread starvation or clock leap detected (housekeeper delta=7m56s118ms).
2026-01-13 20:32:24.342 [HikariPool-1 housekeeper] WARN  com.zaxxer.hikari.pool.HikariPool - HikariPool-1 - Thread starvation or clock leap detected (housekeeper delta=53s77ms).
2026-01-13 20:46:21.594 [SpringApplicationShutdownHook] INFO  com.zaxxer.hikari.HikariDataSource - HikariPool-1 - Shutdown initiated...
2026-01-13 20:46:21.596 [SpringApplicationShutdownHook] INFO  com.zaxxer.hikari.HikariDataSource - HikariPool-1 - Shutdown completed.
