2026-05-29 19:37:43.152 [main] INFO  cn.gsjgsj.authservice.security - LOGIN_SUCCESS - Username: integrationtest, UserId: 10, IP: unknown
2026-05-29 19:37:43.208 [main] INFO  cn.gsjgsj.authservice.security - LOGOUT - Username: user-10, UserId: 10, IP: unknown
2026-05-29 19:37:43.575 [main] INFO  cn.gsjgsj.authservice.security - LOGIN_SUCCESS - Username: integrationtest, UserId: 11, IP: unknown
2026-05-29 19:37:44.744 [main] INFO  cn.gsjgsj.authservice.security - TOKEN_REFRESH - Username: integrationtest, UserId: 11, IP: unknown
2026-05-29 19:37:44.831 [main] INFO  cn.gsjgsj.authservice.security - LOGOUT - Username: user-11, UserId: 11, IP: unknown
2026-05-29 19:37:45.171 [main] WARN  cn.gsjgsj.authservice.security - LOGIN_FAILURE - Username: integrationtest, Reason: Invalid password, IP: unknown
2026-05-29 19:37:45.300 [main] WARN  cn.gsjgsj.authservice.security - LOGIN_FAILURE - Username: integrationtest, Reason: Invalid password, IP: unknown
2026-05-29 19:37:45.428 [main] WARN  cn.gsjgsj.authservice.security - LOGIN_FAILURE - Username: integrationtest, Reason: Invalid password, IP: unknown
2026-05-29 19:37:45.557 [main] WARN  cn.gsjgsj.authservice.security - LOGIN_FAILURE - Username: integrationtest, Reason: Invalid password, IP: unknown
2026-05-29 19:37:45.736 [main] WARN  cn.gsjgsj.authservice.security - ACCOUNT_LOCKED - Username: integrationtest, FailureCount: 5, IP: unknown
2026-05-29 19:37:45.770 [main] WARN  cn.gsjgsj.authservice.security - LOGIN_FAILURE - Username: integrationtest, Reason: Account locked, IP: unknown
2026-05-29 19:39:44.252 [main] INFO  cn.gsjgsj.authservice.security - LOGOUT - Username: user-121, UserId: 121, IP: unknown
2026-05-29 19:39:44.302 [main] INFO  cn.gsjgsj.authservice.security - LOGOUT - Username: user-121, UserId: 121, IP: unknown
2026-05-29 19:39:44.369 [main] INFO  cn.gsjgsj.authservice.security - LOGOUT - Username: user-1, UserId: 1, IP: unknown
2026-05-29 19:39:44.420 [main] INFO  cn.gsjgsj.authservice.security - LOGOUT - Username: user-1, UserId: 1, IP: unknown
2026-05-29 19:39:44.487 [main] INFO  cn.gsjgsj.authservice.security - LOGOUT - Username: user-36279, UserId: 36279, IP: unknown
2026-05-29 19:39:44.537 [main] INFO  cn.gsjgsj.authservice.security - LOGOUT - Username: user-36279, UserId: 36279, IP: unknown
2026-05-29 19:39:44.605 [main] INFO  cn.gsjgsj.authservice.security - LOGOUT - Username: user-14, UserId: 14, IP: unknown
2026-05-29 19:39:44.655 [main] INFO  cn.gsjgsj.authservice.security - LOGOUT - Username: user-14, UserId: 14, IP: unknown
2026-05-29 19:39:44.722 [main] INFO  cn.gsjgsj.authservice.security - LOGOUT - Username: user-2, UserId: 2, IP: unknown
2026-05-29 19:39:44.773 [main] INFO  cn.gsjgsj.authservice.security - LOGOUT - Username: user-2, UserId: 2, IP: unknown
2026-05-29 19:39:44.840 [main] INFO  cn.gsjgsj.authservice.security - LOGOUT - Username: user-1, UserId: 1, IP: unknown
2026-05-29 19:39:44.891 [main] INFO  cn.gsjgsj.authservice.security - LOGOUT - Username: user-1, UserId: 1, IP: unknown
2026-05-29 19:39:44.959 [main] INFO  cn.gsjgsj.authservice.security - LOGOUT - Username: user-151350, UserId: 151350, IP: unknown
2026-05-29 19:39:45.009 [main] INFO  cn.gsjgsj.authservice.security - LOGOUT - Username: user-151350, UserId: 151350, IP: unknown
2026-05-29 19:39:45.077 [main] INFO  cn.gsjgsj.authservice.security - LOGOUT - Username: user-3152, UserId: 3152, IP: unknown
2026-05-29 19:39:45.128 [main] INFO  cn.gsjgsj.authservice.security - LOGOUT - Username: user-3152, UserId: 3152, IP: unknown
2026-05-29 19:39:45.196 [main] INFO  cn.gsjgsj.authservice.security - LOGOUT - Username: user-40, UserId: 40, IP: unknown
2026-05-29 19:39:45.247 [main] INFO  cn.gsjgsj.authservice.security - LOGOUT - Username: user-40, UserId: 40, IP: unknown
2026-05-29 19:39:45.317 [main] INFO  cn.gsjgsj.authservice.security - LOGOUT - Username: user-1065, UserId: 1065, IP: unknown
2026-05-29 19:39:45.368 [main] INFO  cn.gsjgsj.authservice.security - LOGOUT - Username: user-1065, UserId: 1065, IP: unknown
2026-05-29 19:39:45.436 [main] INFO  cn.gsjgsj.authservice.security - LOGOUT - Username: user-84519, UserId: 84519, IP: unknown
2026-05-29 19:39:45.486 [main] INFO  cn.gsjgsj.authservice.security - LOGOUT - Username: user-84519, UserId: 84519, IP: unknown
2026-05-29 19:39:45.554 [main] INFO  cn.gsjgsj.authservice.security - LOGOUT - Username: user-2, UserId: 2, IP: unknown
2026-05-29 19:39:45.604 [main] INFO  cn.gsjgsj.authservice.security - LOGOUT - Username: user-2, UserId: 2, IP: unknown
2026-05-29 19:39:45.675 [main] INFO  cn.gsjgsj.authservice.security - LOGOUT - Username: user-47224, UserId: 47224, IP: unknown
2026-05-29 19:39:45.725 [main] INFO  cn.gsjgsj.authservice.security - LOGOUT - Username: user-47224, UserId: 47224, IP: unknown
2026-05-29 19:39:45.794 [main] INFO  cn.gsjgsj.authservice.security - LOGOUT - Username: user-1, UserId: 1, IP: unknown
2026-05-29 19:39:45.844 [main] INFO  cn.gsjgsj.authservice.security - LOGOUT - Username: user-1, UserId: 1, IP: unknown
2026-05-29 19:39:45.913 [main] INFO  cn.gsjgsj.authservice.security - LOGOUT - Username: user-24797, UserId: 24797, IP: unknown
2026-05-29 19:39:45.963 [main] INFO  cn.gsjgsj.authservice.security - LOGOUT - Username: user-24797, UserId: 24797, IP: unknown
2026-05-29 19:39:46.034 [main] INFO  cn.gsjgsj.authservice.security - LOGOUT - Username: user-327, UserId: 327, IP: unknown
2026-05-29 19:39:46.084 [main] INFO  cn.gsjgsj.authservice.security - LOGOUT - Username: user-327, UserId: 327, IP: unknown
2026-05-29 19:39:46.151 [main] INFO  cn.gsjgsj.authservice.security - LOGOUT - Username: user-528913, UserId: 528913, IP: unknown
2026-05-29 19:39:46.201 [main] INFO  cn.gsjgsj.authservice.security - LOGOUT - Username: user-528913, UserId: 528913, IP: unknown
2026-05-29 19:39:46.268 [main] INFO  cn.gsjgsj.authservice.security - LOGOUT - Username: user-999999, UserId: 999999, IP: unknown
2026-05-29 19:39:46.319 [main] INFO  cn.gsjgsj.authservice.security - LOGOUT - Username: user-999999, UserId: 999999, IP: unknown
2026-05-29 19:39:46.385 [main] INFO  cn.gsjgsj.authservice.security - LOGOUT - Username: user-62, UserId: 62, IP: unknown
2026-05-29 19:39:46.436 [main] INFO  cn.gsjgsj.authservice.security - LOGOUT - Username: user-62, UserId: 62, IP: unknown
2026-05-29 19:39:46.503 [main] INFO  cn.gsjgsj.authservice.security - LOGOUT - Username: user-7, UserId: 7, IP: unknown
2026-05-29 19:39:46.553 [main] INFO  cn.gsjgsj.authservice.security - LOGOUT - Username: user-7, UserId: 7, IP: unknown
2026-05-29 19:39:46.620 [main] INFO  cn.gsjgsj.authservice.security - LOGOUT - Username: user-407, UserId: 407, IP: unknown
2026-05-29 19:39:46.670 [main] INFO  cn.gsjgsj.authservice.security - LOGOUT - Username: user-407, UserId: 407, IP: unknown
2026-05-29 19:39:46.737 [main] INFO  cn.gsjgsj.authservice.security - LOGOUT - Username: user-569481, UserId: 569481, IP: unknown
2026-05-29 19:39:46.787 [main] INFO  cn.gsjgsj.authservice.security - LOGOUT - Username: user-569481, UserId: 569481, IP: unknown
2026-05-29 19:39:46.854 [main] INFO  cn.gsjgsj.authservice.security - LOGOUT - Username: user-40, UserId: 40, IP: unknown
2026-05-29 19:39:46.904 [main] INFO  cn.gsjgsj.authservice.security - LOGOUT - Username: user-40, UserId: 40, IP: unknown
2026-05-29 19:39:46.971 [main] INFO  cn.gsjgsj.authservice.security - LOGOUT - Username: user-1, UserId: 1, IP: unknown
2026-05-29 19:39:47.021 [main] INFO  cn.gsjgsj.authservice.security - LOGOUT - Username: user-1, UserId: 1, IP: unknown
2026-05-29 19:39:47.089 [main] INFO  cn.gsjgsj.authservice.security - LOGOUT - Username: user-76, UserId: 76, IP: unknown
2026-05-29 19:39:47.139 [main] INFO  cn.gsjgsj.authservice.security - LOGOUT - Username: user-76, UserId: 76, IP: unknown
2026-05-29 19:39:47.206 [main] INFO  cn.gsjgsj.authservice.security - LOGOUT - Username: user-861137, UserId: 861137, IP: unknown
2026-05-29 19:39:47.256 [main] INFO  cn.gsjgsj.authservice.security - LOGOUT - Username: user-861137, UserId: 861137, IP: unknown
2026-05-29 19:39:47.323 [main] INFO  cn.gsjgsj.authservice.security - LOGOUT - Username: user-1, UserId: 1, IP: unknown
2026-05-29 19:39:47.373 [main] INFO  cn.gsjgsj.authservice.security - LOGOUT - Username: user-1, UserId: 1, IP: unknown
2026-05-29 19:39:47.440 [main] INFO  cn.gsjgsj.authservice.security - LOGOUT - Username: user-10832, UserId: 10832, IP: unknown
2026-05-29 19:39:47.490 [main] INFO  cn.gsjgsj.authservice.security - LOGOUT - Username: user-10832, UserId: 10832, IP: unknown
2026-05-29 19:39:47.557 [main] INFO  cn.gsjgsj.authservice.security - LOGOUT - Username: user-715665, UserId: 715665, IP: unknown
2026-05-29 19:39:47.607 [main] INFO  cn.gsjgsj.authservice.security - LOGOUT - Username: user-715665, UserId: 715665, IP: unknown
2026-05-29 19:39:47.675 [main] INFO  cn.gsjgsj.authservice.security - LOGOUT - Username: user-606, UserId: 606, IP: unknown
2026-05-29 19:39:47.725 [main] INFO  cn.gsjgsj.authservice.security - LOGOUT - Username: user-606, UserId: 606, IP: unknown
2026-05-29 19:39:47.792 [main] INFO  cn.gsjgsj.authservice.security - LOGOUT - Username: user-1000000, UserId: 1000000, IP: unknown
2026-05-29 19:39:47.843 [main] INFO  cn.gsjgsj.authservice.security - LOGOUT - Username: user-1000000, UserId: 1000000, IP: unknown
2026-05-29 19:39:47.910 [main] INFO  cn.gsjgsj.authservice.security - LOGOUT - Username: user-114834, UserId: 114834, IP: unknown
2026-05-29 19:39:47.960 [main] INFO  cn.gsjgsj.authservice.security - LOGOUT - Username: user-114834, UserId: 114834, IP: unknown
2026-05-29 19:39:48.028 [main] INFO  cn.gsjgsj.authservice.security - LOGOUT - Username: user-999999, UserId: 999999, IP: unknown
2026-05-29 19:39:48.078 [main] INFO  cn.gsjgsj.authservice.security - LOGOUT - Username: user-999999, UserId: 999999, IP: unknown
2026-05-29 19:39:48.148 [main] INFO  cn.gsjgsj.authservice.security - LOGOUT - Username: user-23, UserId: 23, IP: unknown
2026-05-29 19:39:48.198 [main] INFO  cn.gsjgsj.authservice.security - LOGOUT - Username: user-23, UserId: 23, IP: unknown
2026-05-29 19:39:48.269 [main] INFO  cn.gsjgsj.authservice.security - LOGOUT - Username: user-2, UserId: 2, IP: unknown
2026-05-29 19:39:48.320 [main] INFO  cn.gsjgsj.authservice.security - LOGOUT - Username: user-2, UserId: 2, IP: unknown
2026-05-29 19:39:48.390 [main] INFO  cn.gsjgsj.authservice.security - LOGOUT - Username: user-23, UserId: 23, IP: unknown
2026-05-29 19:39:48.440 [main] INFO  cn.gsjgsj.authservice.security - LOGOUT - Username: user-23, UserId: 23, IP: unknown
2026-05-29 19:39:48.509 [main] INFO  cn.gsjgsj.authservice.security - LOGOUT - Username: user-8, UserId: 8, IP: unknown
2026-05-29 19:39:48.560 [main] INFO  cn.gsjgsj.authservice.security - LOGOUT - Username: user-8, UserId: 8, IP: unknown
2026-05-29 19:39:48.627 [main] INFO  cn.gsjgsj.authservice.security - LOGOUT - Username: user-658, UserId: 658, IP: unknown
2026-05-29 19:39:48.677 [main] INFO  cn.gsjgsj.authservice.security - LOGOUT - Username: user-658, UserId: 658, IP: unknown
2026-05-29 19:39:48.745 [main] INFO  cn.gsjgsj.authservice.security - LOGOUT - Username: user-8, UserId: 8, IP: unknown
2026-05-29 19:39:48.796 [main] INFO  cn.gsjgsj.authservice.security - LOGOUT - Username: user-8, UserId: 8, IP: unknown
2026-05-29 19:39:48.866 [main] INFO  cn.gsjgsj.authservice.security - LOGOUT - Username: user-999999, UserId: 999999, IP: unknown
2026-05-29 19:39:48.915 [main] INFO  cn.gsjgsj.authservice.security - LOGOUT - Username: user-999999, UserId: 999999, IP: unknown
2026-05-29 19:39:48.982 [main] INFO  cn.gsjgsj.authservice.security - LOGOUT - Username: user-787, UserId: 787, IP: unknown
2026-05-29 19:39:49.033 [main] INFO  cn.gsjgsj.authservice.security - LOGOUT - Username: user-787, UserId: 787, IP: unknown
2026-05-29 19:39:49.100 [main] INFO  cn.gsjgsj.authservice.security - LOGOUT - Username: user-1, UserId: 1, IP: unknown
2026-05-29 19:39:49.151 [main] INFO  cn.gsjgsj.authservice.security - LOGOUT - Username: user-1, UserId: 1, IP: unknown
2026-05-29 19:39:49.220 [main] INFO  cn.gsjgsj.authservice.security - LOGOUT - Username: user-609, UserId: 609, IP: unknown
2026-05-29 19:39:49.270 [main] INFO  cn.gsjgsj.authservice.security - LOGOUT - Username: user-609, UserId: 609, IP: unknown
2026-05-29 19:39:49.340 [main] INFO  cn.gsjgsj.authservice.security - LOGOUT - Username: user-216, UserId: 216, IP: unknown
2026-05-29 19:39:49.391 [main] INFO  cn.gsjgsj.authservice.security - LOGOUT - Username: user-216, UserId: 216, IP: unknown
2026-05-29 19:39:49.460 [main] INFO  cn.gsjgsj.authservice.security - LOGOUT - Username: user-422, UserId: 422, IP: unknown
2026-05-29 19:39:49.511 [main] INFO  cn.gsjgsj.authservice.security - LOGOUT - Username: user-422, UserId: 422, IP: unknown
2026-05-29 19:39:49.578 [main] INFO  cn.gsjgsj.authservice.security - LOGOUT - Username: user-46552, UserId: 46552, IP: unknown
2026-05-29 19:39:49.629 [main] INFO  cn.gsjgsj.authservice.security - LOGOUT - Username: user-46552, UserId: 46552, IP: unknown
2026-05-29 19:39:49.698 [main] INFO  cn.gsjgsj.authservice.security - LOGOUT - Username: user-36976, UserId: 36976, IP: unknown
2026-05-29 19:39:49.748 [main] INFO  cn.gsjgsj.authservice.security - LOGOUT - Username: user-36976, UserId: 36976, IP: unknown
2026-05-29 19:39:49.817 [main] INFO  cn.gsjgsj.authservice.security - LOGOUT - Username: user-162698, UserId: 162698, IP: unknown
2026-05-29 19:39:49.867 [main] INFO  cn.gsjgsj.authservice.security - LOGOUT - Username: user-162698, UserId: 162698, IP: unknown
2026-05-29 19:39:49.935 [main] INFO  cn.gsjgsj.authservice.security - LOGOUT - Username: user-14, UserId: 14, IP: unknown
2026-05-29 19:39:49.986 [main] INFO  cn.gsjgsj.authservice.security - LOGOUT - Username: user-14, UserId: 14, IP: unknown
2026-05-29 19:39:50.053 [main] INFO  cn.gsjgsj.authservice.security - LOGOUT - Username: user-26449, UserId: 26449, IP: unknown
2026-05-29 19:39:50.103 [main] INFO  cn.gsjgsj.authservice.security - LOGOUT - Username: user-26449, UserId: 26449, IP: unknown
2026-05-29 19:39:50.173 [main] INFO  cn.gsjgsj.authservice.security - LOGOUT - Username: user-77, UserId: 77, IP: unknown
2026-05-29 19:39:50.223 [main] INFO  cn.gsjgsj.authservice.security - LOGOUT - Username: user-77, UserId: 77, IP: unknown
2026-05-29 19:39:50.293 [main] INFO  cn.gsjgsj.authservice.security - LOGOUT - Username: user-17001, UserId: 17001, IP: unknown
2026-05-29 19:39:50.344 [main] INFO  cn.gsjgsj.authservice.security - LOGOUT - Username: user-17001, UserId: 17001, IP: unknown
2026-05-29 19:39:50.413 [main] INFO  cn.gsjgsj.authservice.security - LOGOUT - Username: user-1000000, UserId: 1000000, IP: unknown
2026-05-29 19:39:50.464 [main] INFO  cn.gsjgsj.authservice.security - LOGOUT - Username: user-1000000, UserId: 1000000, IP: unknown
2026-05-29 19:39:50.534 [main] INFO  cn.gsjgsj.authservice.security - LOGOUT - Username: user-11783, UserId: 11783, IP: unknown
2026-05-29 19:39:50.585 [main] INFO  cn.gsjgsj.authservice.security - LOGOUT - Username: user-11783, UserId: 11783, IP: unknown
2026-05-29 19:39:50.654 [main] INFO  cn.gsjgsj.authservice.security - LOGOUT - Username: user-11, UserId: 11, IP: unknown
2026-05-29 19:39:50.705 [main] INFO  cn.gsjgsj.authservice.security - LOGOUT - Username: user-11, UserId: 11, IP: unknown
2026-05-29 19:39:50.772 [main] INFO  cn.gsjgsj.authservice.security - LOGOUT - Username: user-999999, UserId: 999999, IP: unknown
2026-05-29 19:39:50.823 [main] INFO  cn.gsjgsj.authservice.security - LOGOUT - Username: user-999999, UserId: 999999, IP: unknown
2026-05-29 19:39:50.890 [main] INFO  cn.gsjgsj.authservice.security - LOGOUT - Username: user-228, UserId: 228, IP: unknown
2026-05-29 19:39:50.940 [main] INFO  cn.gsjgsj.authservice.security - LOGOUT - Username: user-228, UserId: 228, IP: unknown
2026-05-29 19:39:51.008 [main] INFO  cn.gsjgsj.authservice.security - LOGOUT - Username: user-371227, UserId: 371227, IP: unknown
2026-05-29 19:39:51.058 [main] INFO  cn.gsjgsj.authservice.security - LOGOUT - Username: user-371227, UserId: 371227, IP: unknown
2026-05-29 19:39:51.126 [main] INFO  cn.gsjgsj.authservice.security - LOGOUT - Username: user-113, UserId: 113, IP: unknown
2026-05-29 19:39:51.176 [main] INFO  cn.gsjgsj.authservice.security - LOGOUT - Username: user-113, UserId: 113, IP: unknown
2026-05-29 19:39:51.243 [main] INFO  cn.gsjgsj.authservice.security - LOGOUT - Username: user-43134, UserId: 43134, IP: unknown
2026-05-29 19:39:51.294 [main] INFO  cn.gsjgsj.authservice.security - LOGOUT - Username: user-43134, UserId: 43134, IP: unknown
2026-05-29 19:39:51.361 [main] INFO  cn.gsjgsj.authservice.security - LOGOUT - Username: user-999999, UserId: 999999, IP: unknown
2026-05-29 19:39:51.412 [main] INFO  cn.gsjgsj.authservice.security - LOGOUT - Username: user-999999, UserId: 999999, IP: unknown
2026-05-29 19:39:51.481 [main] INFO  cn.gsjgsj.authservice.security - LOGOUT - Username: user-3651, UserId: 3651, IP: unknown
2026-05-29 19:39:51.531 [main] INFO  cn.gsjgsj.authservice.security - LOGOUT - Username: user-3651, UserId: 3651, IP: unknown
2026-05-29 19:39:51.602 [main] INFO  cn.gsjgsj.authservice.security - LOGOUT - Username: user-3602, UserId: 3602, IP: unknown
2026-05-29 19:39:51.652 [main] INFO  cn.gsjgsj.authservice.security - LOGOUT - Username: user-3602, UserId: 3602, IP: unknown
2026-05-29 19:39:51.719 [main] INFO  cn.gsjgsj.authservice.security - LOGOUT - Username: user-1000000, UserId: 1000000, IP: unknown
2026-05-29 19:39:51.770 [main] INFO  cn.gsjgsj.authservice.security - LOGOUT - Username: user-1000000, UserId: 1000000, IP: unknown
2026-05-29 19:39:51.839 [main] INFO  cn.gsjgsj.authservice.security - LOGOUT - Username: user-2275, UserId: 2275, IP: unknown
2026-05-29 19:39:51.890 [main] INFO  cn.gsjgsj.authservice.security - LOGOUT - Username: user-2275, UserId: 2275, IP: unknown
2026-05-29 19:39:51.959 [main] INFO  cn.gsjgsj.authservice.security - LOGOUT - Username: user-14193, UserId: 14193, IP: unknown
2026-05-29 19:39:52.010 [main] INFO  cn.gsjgsj.authservice.security - LOGOUT - Username: user-14193, UserId: 14193, IP: unknown
2026-05-29 19:39:52.078 [main] INFO  cn.gsjgsj.authservice.security - LOGOUT - Username: user-883283, UserId: 883283, IP: unknown
2026-05-29 19:39:52.129 [main] INFO  cn.gsjgsj.authservice.security - LOGOUT - Username: user-883283, UserId: 883283, IP: unknown
2026-05-29 19:39:52.199 [main] INFO  cn.gsjgsj.authservice.security - LOGOUT - Username: user-37082, UserId: 37082, IP: unknown
2026-05-29 19:39:52.250 [main] INFO  cn.gsjgsj.authservice.security - LOGOUT - Username: user-37082, UserId: 37082, IP: unknown
2026-05-29 19:39:52.319 [main] INFO  cn.gsjgsj.authservice.security - LOGOUT - Username: user-21583, UserId: 21583, IP: unknown
2026-05-29 19:39:52.370 [main] INFO  cn.gsjgsj.authservice.security - LOGOUT - Username: user-21583, UserId: 21583, IP: unknown
2026-05-29 19:39:52.440 [main] INFO  cn.gsjgsj.authservice.security - LOGOUT - Username: user-1033, UserId: 1033, IP: unknown
2026-05-29 19:39:52.491 [main] INFO  cn.gsjgsj.authservice.security - LOGOUT - Username: user-1033, UserId: 1033, IP: unknown
2026-05-29 19:39:52.561 [main] INFO  cn.gsjgsj.authservice.security - LOGOUT - Username: user-191485, UserId: 191485, IP: unknown
2026-05-29 19:39:52.611 [main] INFO  cn.gsjgsj.authservice.security - LOGOUT - Username: user-191485, UserId: 191485, IP: unknown
2026-05-29 19:39:52.681 [main] INFO  cn.gsjgsj.authservice.security - LOGOUT - Username: user-242, UserId: 242, IP: unknown
2026-05-29 19:39:52.731 [main] INFO  cn.gsjgsj.authservice.security - LOGOUT - Username: user-242, UserId: 242, IP: unknown
2026-05-29 19:39:52.801 [main] INFO  cn.gsjgsj.authservice.security - LOGOUT - Username: user-455161, UserId: 455161, IP: unknown
2026-05-29 19:39:52.854 [main] INFO  cn.gsjgsj.authservice.security - LOGOUT - Username: user-455161, UserId: 455161, IP: unknown
2026-05-29 19:39:52.922 [main] INFO  cn.gsjgsj.authservice.security - LOGOUT - Username: user-57, UserId: 57, IP: unknown
2026-05-29 19:39:52.973 [main] INFO  cn.gsjgsj.authservice.security - LOGOUT - Username: user-57, UserId: 57, IP: unknown
2026-05-29 19:39:53.042 [main] INFO  cn.gsjgsj.authservice.security - LOGOUT - Username: user-26415, UserId: 26415, IP: unknown
2026-05-29 19:39:53.092 [main] INFO  cn.gsjgsj.authservice.security - LOGOUT - Username: user-26415, UserId: 26415, IP: unknown
2026-05-29 19:39:53.159 [main] INFO  cn.gsjgsj.authservice.security - LOGOUT - Username: user-577, UserId: 577, IP: unknown
2026-05-29 19:39:53.209 [main] INFO  cn.gsjgsj.authservice.security - LOGOUT - Username: user-577, UserId: 577, IP: unknown
2026-05-29 19:39:53.278 [main] INFO  cn.gsjgsj.authservice.security - LOGOUT - Username: user-6440, UserId: 6440, IP: unknown
2026-05-29 19:39:53.329 [main] INFO  cn.gsjgsj.authservice.security - LOGOUT - Username: user-6440, UserId: 6440, IP: unknown
2026-05-29 19:39:53.397 [main] INFO  cn.gsjgsj.authservice.security - LOGOUT - Username: user-58, UserId: 58, IP: unknown
2026-05-29 19:39:53.447 [main] INFO  cn.gsjgsj.authservice.security - LOGOUT - Username: user-58, UserId: 58, IP: unknown
2026-05-29 19:39:53.515 [main] INFO  cn.gsjgsj.authservice.security - LOGOUT - Username: user-5534, UserId: 5534, IP: unknown
2026-05-29 19:39:53.565 [main] INFO  cn.gsjgsj.authservice.security - LOGOUT - Username: user-5534, UserId: 5534, IP: unknown
2026-05-29 19:39:53.635 [main] INFO  cn.gsjgsj.authservice.security - LOGOUT - Username: user-1235, UserId: 1235, IP: unknown
2026-05-29 19:39:53.685 [main] INFO  cn.gsjgsj.authservice.security - LOGOUT - Username: user-1235, UserId: 1235, IP: unknown
2026-05-29 19:39:53.755 [main] INFO  cn.gsjgsj.authservice.security - LOGOUT - Username: user-596, UserId: 596, IP: unknown
2026-05-29 19:39:53.805 [main] INFO  cn.gsjgsj.authservice.security - LOGOUT - Username: user-596, UserId: 596, IP: unknown
2026-05-29 19:39:53.875 [main] INFO  cn.gsjgsj.authservice.security - LOGOUT - Username: user-26, UserId: 26, IP: unknown
2026-05-29 19:39:53.925 [main] INFO  cn.gsjgsj.authservice.security - LOGOUT - Username: user-26, UserId: 26, IP: unknown
2026-05-29 19:39:53.995 [main] INFO  cn.gsjgsj.authservice.security - LOGOUT - Username: user-262830, UserId: 262830, IP: unknown
2026-05-29 19:39:54.046 [main] INFO  cn.gsjgsj.authservice.security - LOGOUT - Username: user-262830, UserId: 262830, IP: unknown
2026-05-29 19:39:54.116 [main] INFO  cn.gsjgsj.authservice.security - LOGOUT - Username: user-25, UserId: 25, IP: unknown
2026-05-29 19:39:54.166 [main] INFO  cn.gsjgsj.authservice.security - LOGOUT - Username: user-25, UserId: 25, IP: unknown
2026-05-29 19:39:54.237 [main] INFO  cn.gsjgsj.authservice.security - LOGOUT - Username: user-7, UserId: 7, IP: unknown
2026-05-29 19:39:54.287 [main] INFO  cn.gsjgsj.authservice.security - LOGOUT - Username: user-7, UserId: 7, IP: unknown
2026-05-29 19:39:54.354 [main] INFO  cn.gsjgsj.authservice.security - LOGOUT - Username: user-75, UserId: 75, IP: unknown
2026-05-29 19:39:54.405 [main] INFO  cn.gsjgsj.authservice.security - LOGOUT - Username: user-75, UserId: 75, IP: unknown
2026-05-29 19:39:54.473 [main] INFO  cn.gsjgsj.authservice.security - LOGOUT - Username: user-23, UserId: 23, IP: unknown
2026-05-29 19:39:54.524 [main] INFO  cn.gsjgsj.authservice.security - LOGOUT - Username: user-23, UserId: 23, IP: unknown
2026-05-29 19:39:54.592 [main] INFO  cn.gsjgsj.authservice.security - LOGOUT - Username: user-19, UserId: 19, IP: unknown
2026-05-29 19:39:54.642 [main] INFO  cn.gsjgsj.authservice.security - LOGOUT - Username: user-19, UserId: 19, IP: unknown
2026-05-29 19:39:54.710 [main] INFO  cn.gsjgsj.authservice.security - LOGOUT - Username: user-177, UserId: 177, IP: unknown
2026-05-29 19:39:54.761 [main] INFO  cn.gsjgsj.authservice.security - LOGOUT - Username: user-177, UserId: 177, IP: unknown
2026-05-29 19:39:54.828 [main] INFO  cn.gsjgsj.authservice.security - LOGOUT - Username: user-2292, UserId: 2292, IP: unknown
2026-05-29 19:39:54.878 [main] INFO  cn.gsjgsj.authservice.security - LOGOUT - Username: user-2292, UserId: 2292, IP: unknown
2026-05-29 19:39:54.945 [main] INFO  cn.gsjgsj.authservice.security - LOGOUT - Username: user-2, UserId: 2, IP: unknown
2026-05-29 19:39:54.995 [main] INFO  cn.gsjgsj.authservice.security - LOGOUT - Username: user-2, UserId: 2, IP: unknown
2026-05-29 19:39:55.064 [main] INFO  cn.gsjgsj.authservice.security - LOGOUT - Username: user-83369, UserId: 83369, IP: unknown
2026-05-29 19:39:55.115 [main] INFO  cn.gsjgsj.authservice.security - LOGOUT - Username: user-83369, UserId: 83369, IP: unknown
2026-05-29 19:39:55.185 [main] INFO  cn.gsjgsj.authservice.security - LOGOUT - Username: user-8661, UserId: 8661, IP: unknown
2026-05-29 19:39:55.235 [main] INFO  cn.gsjgsj.authservice.security - LOGOUT - Username: user-8661, UserId: 8661, IP: unknown
2026-05-29 19:39:55.305 [main] INFO  cn.gsjgsj.authservice.security - LOGOUT - Username: user-10, UserId: 10, IP: unknown
2026-05-29 19:39:55.356 [main] INFO  cn.gsjgsj.authservice.security - LOGOUT - Username: user-10, UserId: 10, IP: unknown
2026-05-29 19:39:55.426 [main] INFO  cn.gsjgsj.authservice.security - LOGOUT - Username: user-35274, UserId: 35274, IP: unknown
2026-05-29 19:39:55.476 [main] INFO  cn.gsjgsj.authservice.security - LOGOUT - Username: user-35274, UserId: 35274, IP: unknown
2026-05-29 19:39:55.547 [main] INFO  cn.gsjgsj.authservice.security - LOGOUT - Username: user-18, UserId: 18, IP: unknown
2026-05-29 19:39:55.597 [main] INFO  cn.gsjgsj.authservice.security - LOGOUT - Username: user-18, UserId: 18, IP: unknown
2026-05-29 19:39:55.665 [main] INFO  cn.gsjgsj.authservice.security - LOGOUT - Username: user-654, UserId: 654, IP: unknown
2026-05-29 19:39:55.715 [main] INFO  cn.gsjgsj.authservice.security - LOGOUT - Username: user-654, UserId: 654, IP: unknown
2026-05-29 19:39:55.785 [main] INFO  cn.gsjgsj.authservice.security - LOGOUT - Username: user-121, UserId: 121, IP: unknown
2026-05-29 19:39:55.835 [main] INFO  cn.gsjgsj.authservice.security - LOGOUT - Username: user-121, UserId: 121, IP: unknown
2026-05-29 19:39:55.904 [main] INFO  cn.gsjgsj.authservice.security - LOGOUT - Username: user-24, UserId: 24, IP: unknown
2026-05-29 19:39:55.955 [main] INFO  cn.gsjgsj.authservice.security - LOGOUT - Username: user-24, UserId: 24, IP: unknown
2026-05-29 19:39:56.025 [main] INFO  cn.gsjgsj.authservice.security - LOGOUT - Username: user-4375, UserId: 4375, IP: unknown
2026-05-29 19:39:56.075 [main] INFO  cn.gsjgsj.authservice.security - LOGOUT - Username: user-4375, UserId: 4375, IP: unknown
2026-05-29 19:39:56.170 [main] INFO  cn.gsjgsj.authservice.security - LOGOUT - Username: user-2, UserId: 2, IP: unknown
2026-05-29 19:39:56.259 [main] INFO  cn.gsjgsj.authservice.security - LOGOUT - Username: user-30, UserId: 30, IP: unknown
2026-05-29 19:39:56.348 [main] INFO  cn.gsjgsj.authservice.security - LOGOUT - Username: user-74, UserId: 74, IP: unknown
2026-05-29 19:39:56.437 [main] INFO  cn.gsjgsj.authservice.security - LOGOUT - Username: user-1061, UserId: 1061, IP: unknown
2026-05-29 19:39:56.525 [main] INFO  cn.gsjgsj.authservice.security - LOGOUT - Username: user-454083, UserId: 454083, IP: unknown
2026-05-29 19:39:56.614 [main] INFO  cn.gsjgsj.authservice.security - LOGOUT - Username: user-2, UserId: 2, IP: unknown
2026-05-29 19:39:56.703 [main] INFO  cn.gsjgsj.authservice.security - LOGOUT - Username: user-55, UserId: 55, IP: unknown
2026-05-29 19:39:56.791 [main] INFO  cn.gsjgsj.authservice.security - LOGOUT - Username: user-55528, UserId: 55528, IP: unknown
2026-05-29 19:39:56.880 [main] INFO  cn.gsjgsj.authservice.security - LOGOUT - Username: user-1, UserId: 1, IP: unknown
2026-05-29 19:39:56.965 [main] INFO  cn.gsjgsj.authservice.security - LOGOUT - Username: user-9, UserId: 9, IP: unknown
2026-05-29 19:39:57.053 [main] INFO  cn.gsjgsj.authservice.security - LOGOUT - Username: user-93626, UserId: 93626, IP: unknown
2026-05-29 19:39:57.141 [main] INFO  cn.gsjgsj.authservice.security - LOGOUT - Username: user-1000000, UserId: 1000000, IP: unknown
2026-05-29 19:39:57.228 [main] INFO  cn.gsjgsj.authservice.security - LOGOUT - Username: user-12, UserId: 12, IP: unknown
2026-05-29 19:39:57.316 [main] INFO  cn.gsjgsj.authservice.security - LOGOUT - Username: user-77628, UserId: 77628, IP: unknown
2026-05-29 19:39:57.402 [main] INFO  cn.gsjgsj.authservice.security - LOGOUT - Username: user-6, UserId: 6, IP: unknown
2026-05-29 19:39:57.485 [main] INFO  cn.gsjgsj.authservice.security - LOGOUT - Username: user-64311, UserId: 64311, IP: unknown
2026-05-29 19:39:57.569 [main] INFO  cn.gsjgsj.authservice.security - LOGOUT - Username: user-14897, UserId: 14897, IP: unknown
2026-05-29 19:39:57.653 [main] INFO  cn.gsjgsj.authservice.security - LOGOUT - Username: user-45, UserId: 45, IP: unknown
2026-05-29 19:39:57.737 [main] INFO  cn.gsjgsj.authservice.security - LOGOUT - Username: user-677, UserId: 677, IP: unknown
2026-05-29 19:39:57.821 [main] INFO  cn.gsjgsj.authservice.security - LOGOUT - Username: user-1848, UserId: 1848, IP: unknown
2026-05-29 19:39:57.905 [main] INFO  cn.gsjgsj.authservice.security - LOGOUT - Username: user-2557, UserId: 2557, IP: unknown
2026-05-29 19:39:57.989 [main] INFO  cn.gsjgsj.authservice.security - LOGOUT - Username: user-2, UserId: 2, IP: unknown
2026-05-29 19:39:58.074 [main] INFO  cn.gsjgsj.authservice.security - LOGOUT - Username: user-6, UserId: 6, IP: unknown
2026-05-29 19:39:58.163 [main] INFO  cn.gsjgsj.authservice.security - LOGOUT - Username: user-480, UserId: 480, IP: unknown
2026-05-29 19:39:58.252 [main] INFO  cn.gsjgsj.authservice.security - LOGOUT - Username: user-9531, UserId: 9531, IP: unknown
2026-05-29 19:39:58.337 [main] INFO  cn.gsjgsj.authservice.security - LOGOUT - Username: user-17, UserId: 17, IP: unknown
2026-05-29 19:39:58.420 [main] INFO  cn.gsjgsj.authservice.security - LOGOUT - Username: user-13, UserId: 13, IP: unknown
2026-05-29 19:39:58.504 [main] INFO  cn.gsjgsj.authservice.security - LOGOUT - Username: user-4408, UserId: 4408, IP: unknown
2026-05-29 19:39:58.589 [main] INFO  cn.gsjgsj.authservice.security - LOGOUT - Username: user-2284, UserId: 2284, IP: unknown
2026-05-29 19:39:58.673 [main] INFO  cn.gsjgsj.authservice.security - LOGOUT - Username: user-456894, UserId: 456894, IP: unknown
2026-05-29 19:39:58.756 [main] INFO  cn.gsjgsj.authservice.security - LOGOUT - Username: user-44, UserId: 44, IP: unknown
2026-05-29 19:39:58.840 [main] INFO  cn.gsjgsj.authservice.security - LOGOUT - Username: user-204, UserId: 204, IP: unknown
2026-05-29 19:39:58.924 [main] INFO  cn.gsjgsj.authservice.security - LOGOUT - Username: user-57, UserId: 57, IP: unknown
2026-05-29 19:39:59.007 [main] INFO  cn.gsjgsj.authservice.security - LOGOUT - Username: user-1, UserId: 1, IP: unknown
2026-05-29 19:39:59.091 [main] INFO  cn.gsjgsj.authservice.security - LOGOUT - Username: user-4409, UserId: 4409, IP: unknown
2026-05-29 19:39:59.175 [main] INFO  cn.gsjgsj.authservice.security - LOGOUT - Username: user-438, UserId: 438, IP: unknown
2026-05-29 19:39:59.259 [main] INFO  cn.gsjgsj.authservice.security - LOGOUT - Username: user-52104, UserId: 52104, IP: unknown
2026-05-29 19:39:59.343 [main] INFO  cn.gsjgsj.authservice.security - LOGOUT - Username: user-25, UserId: 25, IP: unknown
2026-05-29 19:39:59.427 [main] INFO  cn.gsjgsj.authservice.security - LOGOUT - Username: user-2, UserId: 2, IP: unknown
2026-05-29 19:39:59.511 [main] INFO  cn.gsjgsj.authservice.security - LOGOUT - Username: user-138100, UserId: 138100, IP: unknown
2026-05-29 19:39:59.594 [main] INFO  cn.gsjgsj.authservice.security - LOGOUT - Username: user-139505, UserId: 139505, IP: unknown
2026-05-29 19:39:59.678 [main] INFO  cn.gsjgsj.authservice.security - LOGOUT - Username: user-5142, UserId: 5142, IP: unknown
2026-05-29 19:39:59.762 [main] INFO  cn.gsjgsj.authservice.security - LOGOUT - Username: user-124769, UserId: 124769, IP: unknown
2026-05-29 19:39:59.849 [main] INFO  cn.gsjgsj.authservice.security - LOGOUT - Username: user-16317, UserId: 16317, IP: unknown
2026-05-29 19:39:59.937 [main] INFO  cn.gsjgsj.authservice.security - LOGOUT - Username: user-8, UserId: 8, IP: unknown
2026-05-29 19:40:00.024 [main] INFO  cn.gsjgsj.authservice.security - LOGOUT - Username: user-21, UserId: 21, IP: unknown
2026-05-29 19:40:00.110 [main] INFO  cn.gsjgsj.authservice.security - LOGOUT - Username: user-11, UserId: 11, IP: unknown
2026-05-29 19:40:00.195 [main] INFO  cn.gsjgsj.authservice.security - LOGOUT - Username: user-384485, UserId: 384485, IP: unknown
2026-05-29 19:40:00.280 [main] INFO  cn.gsjgsj.authservice.security - LOGOUT - Username: user-18384, UserId: 18384, IP: unknown
2026-05-29 19:40:00.364 [main] INFO  cn.gsjgsj.authservice.security - LOGOUT - Username: user-5780, UserId: 5780, IP: unknown
2026-05-29 19:40:00.448 [main] INFO  cn.gsjgsj.authservice.security - LOGOUT - Username: user-7321, UserId: 7321, IP: unknown
2026-05-29 19:40:00.533 [main] INFO  cn.gsjgsj.authservice.security - LOGOUT - Username: user-45, UserId: 45, IP: unknown
2026-05-29 19:40:00.617 [main] INFO  cn.gsjgsj.authservice.security - LOGOUT - Username: user-101045, UserId: 101045, IP: unknown
2026-05-29 19:40:00.701 [main] INFO  cn.gsjgsj.authservice.security - LOGOUT - Username: user-602355, UserId: 602355, IP: unknown
2026-05-29 19:40:00.785 [main] INFO  cn.gsjgsj.authservice.security - LOGOUT - Username: user-999999, UserId: 999999, IP: unknown
2026-05-29 19:40:00.868 [main] INFO  cn.gsjgsj.authservice.security - LOGOUT - Username: user-8292, UserId: 8292, IP: unknown
2026-05-29 19:40:00.952 [main] INFO  cn.gsjgsj.authservice.security - LOGOUT - Username: user-1023, UserId: 1023, IP: unknown
2026-05-29 19:40:01.036 [main] INFO  cn.gsjgsj.authservice.security - LOGOUT - Username: user-1643, UserId: 1643, IP: unknown
2026-05-29 19:40:01.120 [main] INFO  cn.gsjgsj.authservice.security - LOGOUT - Username: user-120, UserId: 120, IP: unknown
2026-05-29 19:40:01.203 [main] INFO  cn.gsjgsj.authservice.security - LOGOUT - Username: user-126304, UserId: 126304, IP: unknown
2026-05-29 19:40:01.287 [main] INFO  cn.gsjgsj.authservice.security - LOGOUT - Username: user-4706, UserId: 4706, IP: unknown
2026-05-29 19:40:01.371 [main] INFO  cn.gsjgsj.authservice.security - LOGOUT - Username: user-18, UserId: 18, IP: unknown
2026-05-29 19:40:01.455 [main] INFO  cn.gsjgsj.authservice.security - LOGOUT - Username: user-46117, UserId: 46117, IP: unknown
2026-05-29 19:40:01.539 [main] INFO  cn.gsjgsj.authservice.security - LOGOUT - Username: user-173, UserId: 173, IP: unknown
2026-05-29 19:40:01.623 [main] INFO  cn.gsjgsj.authservice.security - LOGOUT - Username: user-28026, UserId: 28026, IP: unknown
2026-05-29 19:40:01.708 [main] INFO  cn.gsjgsj.authservice.security - LOGOUT - Username: user-9797, UserId: 9797, IP: unknown
2026-05-29 19:40:01.792 [main] INFO  cn.gsjgsj.authservice.security - LOGOUT - Username: user-1000000, UserId: 1000000, IP: unknown
2026-05-29 19:40:01.876 [main] INFO  cn.gsjgsj.authservice.security - LOGOUT - Username: user-65, UserId: 65, IP: unknown
2026-05-29 19:40:01.961 [main] INFO  cn.gsjgsj.authservice.security - LOGOUT - Username: user-218634, UserId: 218634, IP: unknown
2026-05-29 19:40:02.046 [main] INFO  cn.gsjgsj.authservice.security - LOGOUT - Username: user-319, UserId: 319, IP: unknown
2026-05-29 19:40:02.130 [main] INFO  cn.gsjgsj.authservice.security - LOGOUT - Username: user-906, UserId: 906, IP: unknown
2026-05-29 19:40:02.214 [main] INFO  cn.gsjgsj.authservice.security - LOGOUT - Username: user-59, UserId: 59, IP: unknown
2026-05-29 19:40:02.298 [main] INFO  cn.gsjgsj.authservice.security - LOGOUT - Username: user-30718, UserId: 30718, IP: unknown
2026-05-29 19:40:02.383 [main] INFO  cn.gsjgsj.authservice.security - LOGOUT - Username: user-757910, UserId: 757910, IP: unknown
2026-05-29 19:40:02.467 [main] INFO  cn.gsjgsj.authservice.security - LOGOUT - Username: user-32, UserId: 32, IP: unknown
2026-05-29 19:40:02.551 [main] INFO  cn.gsjgsj.authservice.security - LOGOUT - Username: user-781, UserId: 781, IP: unknown
2026-05-29 19:40:02.635 [main] INFO  cn.gsjgsj.authservice.security - LOGOUT - Username: user-46623, UserId: 46623, IP: unknown
2026-05-29 19:40:02.719 [main] INFO  cn.gsjgsj.authservice.security - LOGOUT - Username: user-8, UserId: 8, IP: unknown
2026-05-29 19:40:02.803 [main] INFO  cn.gsjgsj.authservice.security - LOGOUT - Username: user-1726, UserId: 1726, IP: unknown
2026-05-29 19:40:02.888 [main] INFO  cn.gsjgsj.authservice.security - LOGOUT - Username: user-1, UserId: 1, IP: unknown
2026-05-29 19:40:02.972 [main] INFO  cn.gsjgsj.authservice.security - LOGOUT - Username: user-2, UserId: 2, IP: unknown
2026-05-29 19:40:03.057 [main] INFO  cn.gsjgsj.authservice.security - LOGOUT - Username: user-18319, UserId: 18319, IP: unknown
2026-05-29 19:40:03.140 [main] INFO  cn.gsjgsj.authservice.security - LOGOUT - Username: user-734213, UserId: 734213, IP: unknown
2026-05-29 19:40:03.224 [main] INFO  cn.gsjgsj.authservice.security - LOGOUT - Username: user-1000000, UserId: 1000000, IP: unknown
2026-05-29 19:40:03.309 [main] INFO  cn.gsjgsj.authservice.security - LOGOUT - Username: user-5795, UserId: 5795, IP: unknown
2026-05-29 19:40:03.393 [main] INFO  cn.gsjgsj.authservice.security - LOGOUT - Username: user-4, UserId: 4, IP: unknown
2026-05-29 19:40:03.484 [main] INFO  cn.gsjgsj.authservice.security - LOGOUT - Username: user-19, UserId: 19, IP: unknown
2026-05-29 19:40:03.569 [main] INFO  cn.gsjgsj.authservice.security - LOGOUT - Username: user-17331, UserId: 17331, IP: unknown
2026-05-29 19:40:03.653 [main] INFO  cn.gsjgsj.authservice.security - LOGOUT - Username: user-64, UserId: 64, IP: unknown
2026-05-29 19:40:03.738 [main] INFO  cn.gsjgsj.authservice.security - LOGOUT - Username: user-11798, UserId: 11798, IP: unknown
2026-05-29 19:40:03.824 [main] INFO  cn.gsjgsj.authservice.security - LOGOUT - Username: user-1630, UserId: 1630, IP: unknown
2026-05-29 19:40:03.909 [main] INFO  cn.gsjgsj.authservice.security - LOGOUT - Username: user-149, UserId: 149, IP: unknown
2026-05-29 19:40:03.993 [main] INFO  cn.gsjgsj.authservice.security - LOGOUT - Username: user-20, UserId: 20, IP: unknown
2026-05-29 19:40:04.080 [main] INFO  cn.gsjgsj.authservice.security - LOGOUT - Username: user-16, UserId: 16, IP: unknown
2026-05-29 19:40:04.167 [main] INFO  cn.gsjgsj.authservice.security - LOGOUT - Username: user-321063, UserId: 321063, IP: unknown
2026-05-29 19:40:04.254 [main] INFO  cn.gsjgsj.authservice.security - LOGOUT - Username: user-34408, UserId: 34408, IP: unknown
2026-05-29 19:40:04.340 [main] INFO  cn.gsjgsj.authservice.security - LOGOUT - Username: user-24, UserId: 24, IP: unknown
2026-05-29 19:40:04.425 [main] INFO  cn.gsjgsj.authservice.security - LOGOUT - Username: user-568573, UserId: 568573, IP: unknown
2026-05-29 19:40:04.511 [main] INFO  cn.gsjgsj.authservice.security - LOGOUT - Username: user-3246, UserId: 3246, IP: unknown
2026-05-29 19:40:04.598 [main] INFO  cn.gsjgsj.authservice.security - LOGOUT - Username: user-11370, UserId: 11370, IP: unknown
2026-05-29 19:40:04.726 [main] INFO  cn.gsjgsj.authservice.security - LOGOUT - Username: user-579, UserId: 579, IP: unknown
2026-05-29 19:40:04.829 [main] INFO  cn.gsjgsj.authservice.security - LOGOUT - Username: user-204, UserId: 204, IP: unknown
2026-05-29 19:40:04.933 [main] INFO  cn.gsjgsj.authservice.security - LOGOUT - Username: user-1000000, UserId: 1000000, IP: unknown
2026-05-29 19:40:05.036 [main] INFO  cn.gsjgsj.authservice.security - LOGOUT - Username: user-2, UserId: 2, IP: unknown
2026-05-29 19:40:05.140 [main] INFO  cn.gsjgsj.authservice.security - LOGOUT - Username: user-110302, UserId: 110302, IP: unknown
2026-05-29 19:40:05.243 [main] INFO  cn.gsjgsj.authservice.security - LOGOUT - Username: user-51260, UserId: 51260, IP: unknown
2026-05-29 19:40:05.346 [main] INFO  cn.gsjgsj.authservice.security - LOGOUT - Username: user-17186, UserId: 17186, IP: unknown
2026-05-29 19:40:05.449 [main] INFO  cn.gsjgsj.authservice.security - LOGOUT - Username: user-41053, UserId: 41053, IP: unknown
2026-05-29 19:40:05.553 [main] INFO  cn.gsjgsj.authservice.security - LOGOUT - Username: user-9474, UserId: 9474, IP: unknown
2026-05-29 19:40:05.656 [main] INFO  cn.gsjgsj.authservice.security - LOGOUT - Username: user-35, UserId: 35, IP: unknown
2026-05-29 19:40:05.759 [main] INFO  cn.gsjgsj.authservice.security - LOGOUT - Username: user-199, UserId: 199, IP: unknown
2026-05-29 19:40:05.862 [main] INFO  cn.gsjgsj.authservice.security - LOGOUT - Username: user-25, UserId: 25, IP: unknown
2026-05-29 19:40:05.965 [main] INFO  cn.gsjgsj.authservice.security - LOGOUT - Username: user-145133, UserId: 145133, IP: unknown
2026-05-29 19:40:06.067 [main] INFO  cn.gsjgsj.authservice.security - LOGOUT - Username: user-189, UserId: 189, IP: unknown
2026-05-29 19:40:06.170 [main] INFO  cn.gsjgsj.authservice.security - LOGOUT - Username: user-154242, UserId: 154242, IP: unknown
2026-05-29 19:40:06.273 [main] INFO  cn.gsjgsj.authservice.security - LOGOUT - Username: user-5674, UserId: 5674, IP: unknown
2026-05-29 19:40:06.376 [main] INFO  cn.gsjgsj.authservice.security - LOGOUT - Username: user-61, UserId: 61, IP: unknown
2026-05-29 19:40:06.479 [main] INFO  cn.gsjgsj.authservice.security - LOGOUT - Username: user-17, UserId: 17, IP: unknown
2026-05-29 19:40:06.583 [main] INFO  cn.gsjgsj.authservice.security - LOGOUT - Username: user-98288, UserId: 98288, IP: unknown
2026-05-29 19:40:06.687 [main] INFO  cn.gsjgsj.authservice.security - LOGOUT - Username: user-153130, UserId: 153130, IP: unknown
2026-05-29 19:40:06.790 [main] INFO  cn.gsjgsj.authservice.security - LOGOUT - Username: user-1979, UserId: 1979, IP: unknown
2026-05-29 19:40:06.893 [main] INFO  cn.gsjgsj.authservice.security - LOGOUT - Username: user-2, UserId: 2, IP: unknown
2026-05-29 19:40:06.999 [main] INFO  cn.gsjgsj.authservice.security - LOGOUT - Username: user-34, UserId: 34, IP: unknown
2026-05-29 19:40:07.107 [main] INFO  cn.gsjgsj.authservice.security - LOGOUT - Username: user-39, UserId: 39, IP: unknown
2026-05-29 19:40:07.209 [main] INFO  cn.gsjgsj.authservice.security - LOGOUT - Username: user-128384, UserId: 128384, IP: unknown
2026-05-29 19:40:07.311 [main] INFO  cn.gsjgsj.authservice.security - LOGOUT - Username: user-61933, UserId: 61933, IP: unknown
2026-05-29 19:40:07.413 [main] INFO  cn.gsjgsj.authservice.security - LOGOUT - Username: user-1000000, UserId: 1000000, IP: unknown
2026-05-29 19:40:07.515 [main] INFO  cn.gsjgsj.authservice.security - LOGOUT - Username: user-13312, UserId: 13312, IP: unknown
2026-05-29 19:40:07.616 [main] INFO  cn.gsjgsj.authservice.security - LOGOUT - Username: user-407205, UserId: 407205, IP: unknown
2026-05-29 19:40:07.718 [main] INFO  cn.gsjgsj.authservice.security - LOGOUT - Username: user-2, UserId: 2, IP: unknown
2026-05-29 19:40:07.822 [main] INFO  cn.gsjgsj.authservice.security - LOGOUT - Username: user-5632, UserId: 5632, IP: unknown
2026-05-29 19:40:07.925 [main] INFO  cn.gsjgsj.authservice.security - LOGOUT - Username: user-18021, UserId: 18021, IP: unknown
2026-05-29 19:40:08.028 [main] INFO  cn.gsjgsj.authservice.security - LOGOUT - Username: user-28721, UserId: 28721, IP: unknown
2026-05-29 19:40:08.131 [main] INFO  cn.gsjgsj.authservice.security - LOGOUT - Username: user-55, UserId: 55, IP: unknown
2026-05-29 19:40:08.234 [main] INFO  cn.gsjgsj.authservice.security - LOGOUT - Username: user-3670, UserId: 3670, IP: unknown
2026-05-29 19:40:08.337 [main] INFO  cn.gsjgsj.authservice.security - LOGOUT - Username: user-2, UserId: 2, IP: unknown
2026-05-29 19:40:08.440 [main] INFO  cn.gsjgsj.authservice.security - LOGOUT - Username: user-3495, UserId: 3495, IP: unknown
2026-05-29 19:40:08.544 [main] INFO  cn.gsjgsj.authservice.security - LOGOUT - Username: user-552, UserId: 552, IP: unknown
2026-05-29 19:40:08.647 [main] INFO  cn.gsjgsj.authservice.security - LOGOUT - Username: user-54501, UserId: 54501, IP: unknown
2026-05-29 19:40:08.751 [main] INFO  cn.gsjgsj.authservice.security - LOGOUT - Username: user-1, UserId: 1, IP: unknown
2026-05-29 19:40:08.868 [main] INFO  cn.gsjgsj.authservice.security - LOGOUT - Username: user-529, UserId: 529, IP: unknown
2026-05-29 19:40:08.971 [main] INFO  cn.gsjgsj.authservice.security - LOGOUT - Username: user-709848, UserId: 709848, IP: unknown
2026-05-29 19:40:09.074 [main] INFO  cn.gsjgsj.authservice.security - LOGOUT - Username: user-11208, UserId: 11208, IP: unknown
2026-05-29 19:40:09.177 [main] INFO  cn.gsjgsj.authservice.security - LOGOUT - Username: user-1, UserId: 1, IP: unknown
2026-05-29 19:40:09.280 [main] INFO  cn.gsjgsj.authservice.security - LOGOUT - Username: user-80, UserId: 80, IP: unknown
2026-05-29 19:40:09.381 [main] INFO  cn.gsjgsj.authservice.security - LOGOUT - Username: user-5369, UserId: 5369, IP: unknown
2026-05-29 19:40:09.484 [main] INFO  cn.gsjgsj.authservice.security - LOGOUT - Username: user-41, UserId: 41, IP: unknown
2026-05-29 19:40:09.587 [main] INFO  cn.gsjgsj.authservice.security - LOGOUT - Username: user-195861, UserId: 195861, IP: unknown
2026-05-29 19:40:09.690 [main] INFO  cn.gsjgsj.authservice.security - LOGOUT - Username: user-548, UserId: 548, IP: unknown
2026-05-29 19:40:09.792 [main] INFO  cn.gsjgsj.authservice.security - LOGOUT - Username: user-58044, UserId: 58044, IP: unknown
2026-05-29 19:40:09.895 [main] INFO  cn.gsjgsj.authservice.security - LOGOUT - Username: user-342867, UserId: 342867, IP: unknown
2026-05-29 19:40:09.998 [main] INFO  cn.gsjgsj.authservice.security - LOGOUT - Username: user-941086, UserId: 941086, IP: unknown
2026-05-29 19:40:10.102 [main] INFO  cn.gsjgsj.authservice.security - LOGOUT - Username: user-492647, UserId: 492647, IP: unknown
2026-05-29 19:40:10.204 [main] INFO  cn.gsjgsj.authservice.security - LOGOUT - Username: user-5506, UserId: 5506, IP: unknown
2026-05-29 19:40:10.307 [main] INFO  cn.gsjgsj.authservice.security - LOGOUT - Username: user-616053, UserId: 616053, IP: unknown
2026-05-29 19:40:10.410 [main] INFO  cn.gsjgsj.authservice.security - LOGOUT - Username: user-256225, UserId: 256225, IP: unknown
2026-05-29 19:40:10.513 [main] INFO  cn.gsjgsj.authservice.security - LOGOUT - Username: user-1093, UserId: 1093, IP: unknown
2026-05-29 19:40:10.616 [main] INFO  cn.gsjgsj.authservice.security - LOGOUT - Username: user-147, UserId: 147, IP: unknown
2026-05-29 19:40:10.719 [main] INFO  cn.gsjgsj.authservice.security - LOGOUT - Username: user-205408, UserId: 205408, IP: unknown
2026-05-29 19:40:10.822 [main] INFO  cn.gsjgsj.authservice.security - LOGOUT - Username: user-201, UserId: 201, IP: unknown
2026-05-29 19:40:10.925 [main] INFO  cn.gsjgsj.authservice.security - LOGOUT - Username: user-19, UserId: 19, IP: unknown
2026-05-29 19:40:11.028 [main] INFO  cn.gsjgsj.authservice.security - LOGOUT - Username: user-1000000, UserId: 1000000, IP: unknown
2026-05-29 19:40:11.132 [main] INFO  cn.gsjgsj.authservice.security - LOGOUT - Username: user-1988, UserId: 1988, IP: unknown
2026-05-29 19:40:11.235 [main] INFO  cn.gsjgsj.authservice.security - LOGOUT - Username: user-23, UserId: 23, IP: unknown
2026-05-29 19:40:11.338 [main] INFO  cn.gsjgsj.authservice.security - LOGOUT - Username: user-2, UserId: 2, IP: unknown
2026-05-29 19:40:11.441 [main] INFO  cn.gsjgsj.authservice.security - LOGOUT - Username: user-53331, UserId: 53331, IP: unknown
2026-05-29 19:40:11.545 [main] INFO  cn.gsjgsj.authservice.security - LOGOUT - Username: user-561863, UserId: 561863, IP: unknown
2026-05-29 19:40:11.647 [main] INFO  cn.gsjgsj.authservice.security - LOGOUT - Username: user-23, UserId: 23, IP: unknown
2026-05-29 19:40:11.750 [main] INFO  cn.gsjgsj.authservice.security - LOGOUT - Username: user-42, UserId: 42, IP: unknown
2026-05-29 19:40:11.853 [main] INFO  cn.gsjgsj.authservice.security - LOGOUT - Username: user-10638, UserId: 10638, IP: unknown
2026-05-29 19:40:11.957 [main] INFO  cn.gsjgsj.authservice.security - LOGOUT - Username: user-1033, UserId: 1033, IP: unknown
2026-05-29 19:40:12.060 [main] INFO  cn.gsjgsj.authservice.security - LOGOUT - Username: user-21856, UserId: 21856, IP: unknown
2026-05-29 19:40:12.163 [main] INFO  cn.gsjgsj.authservice.security - LOGOUT - Username: user-16548, UserId: 16548, IP: unknown
2026-05-29 19:40:12.266 [main] INFO  cn.gsjgsj.authservice.security - LOGOUT - Username: user-17223, UserId: 17223, IP: unknown
2026-05-29 19:40:12.369 [main] INFO  cn.gsjgsj.authservice.security - LOGOUT - Username: user-751, UserId: 751, IP: unknown
2026-05-29 19:40:12.472 [main] INFO  cn.gsjgsj.authservice.security - LOGOUT - Username: user-47351, UserId: 47351, IP: unknown
2026-05-29 19:40:12.575 [main] INFO  cn.gsjgsj.authservice.security - LOGOUT - Username: user-1599, UserId: 1599, IP: unknown
2026-05-29 19:40:12.678 [main] INFO  cn.gsjgsj.authservice.security - LOGOUT - Username: user-555, UserId: 555, IP: unknown
2026-05-29 19:40:12.782 [main] INFO  cn.gsjgsj.authservice.security - LOGOUT - Username: user-17, UserId: 17, IP: unknown
2026-05-29 19:40:12.885 [main] INFO  cn.gsjgsj.authservice.security - LOGOUT - Username: user-154, UserId: 154, IP: unknown
2026-05-29 19:40:12.988 [main] INFO  cn.gsjgsj.authservice.security - LOGOUT - Username: user-28134, UserId: 28134, IP: unknown
2026-05-29 19:40:13.092 [main] INFO  cn.gsjgsj.authservice.security - LOGOUT - Username: user-632, UserId: 632, IP: unknown
2026-05-29 19:40:13.195 [main] INFO  cn.gsjgsj.authservice.security - LOGOUT - Username: user-13, UserId: 13, IP: unknown
2026-05-29 19:40:13.298 [main] INFO  cn.gsjgsj.authservice.security - LOGOUT - Username: user-36460, UserId: 36460, IP: unknown
2026-05-29 19:40:13.401 [main] INFO  cn.gsjgsj.authservice.security - LOGOUT - Username: user-4912, UserId: 4912, IP: unknown
2026-05-29 19:40:13.504 [main] INFO  cn.gsjgsj.authservice.security - LOGOUT - Username: user-12109, UserId: 12109, IP: unknown
2026-05-29 19:40:13.607 [main] INFO  cn.gsjgsj.authservice.security - LOGOUT - Username: user-5, UserId: 5, IP: unknown
2026-05-29 19:40:13.710 [main] INFO  cn.gsjgsj.authservice.security - LOGOUT - Username: user-113095, UserId: 113095, IP: unknown
2026-05-29 19:40:13.813 [main] INFO  cn.gsjgsj.authservice.security - LOGOUT - Username: user-16, UserId: 16, IP: unknown
2026-05-29 19:40:13.914 [main] INFO  cn.gsjgsj.authservice.security - LOGOUT - Username: user-82443, UserId: 82443, IP: unknown
2026-05-29 19:40:14.015 [main] INFO  cn.gsjgsj.authservice.security - LOGOUT - Username: user-80, UserId: 80, IP: unknown
2026-05-29 19:40:14.118 [main] INFO  cn.gsjgsj.authservice.security - LOGOUT - Username: user-1, UserId: 1, IP: unknown
2026-05-29 19:40:14.222 [main] INFO  cn.gsjgsj.authservice.security - LOGOUT - Username: user-23, UserId: 23, IP: unknown
2026-05-29 19:40:14.325 [main] INFO  cn.gsjgsj.authservice.security - LOGOUT - Username: user-4762, UserId: 4762, IP: unknown
2026-05-29 19:40:14.428 [main] INFO  cn.gsjgsj.authservice.security - LOGOUT - Username: user-31485, UserId: 31485, IP: unknown
2026-05-29 19:40:14.531 [main] INFO  cn.gsjgsj.authservice.security - LOGOUT - Username: user-1728, UserId: 1728, IP: unknown
2026-05-29 19:40:14.634 [main] INFO  cn.gsjgsj.authservice.security - LOGOUT - Username: user-356921, UserId: 356921, IP: unknown
2026-05-29 19:40:14.736 [main] INFO  cn.gsjgsj.authservice.security - LOGOUT - Username: user-1225, UserId: 1225, IP: unknown
2026-05-29 19:40:14.839 [main] INFO  cn.gsjgsj.authservice.security - LOGOUT - Username: user-218, UserId: 218, IP: unknown
2026-05-29 19:40:14.943 [main] INFO  cn.gsjgsj.authservice.security - LOGOUT - Username: user-999999, UserId: 999999, IP: unknown
2026-05-29 19:40:15.052 [main] INFO  cn.gsjgsj.authservice.security - LOGOUT - Username: user-198, UserId: 198, IP: unknown
2026-05-29 19:40:15.171 [main] INFO  cn.gsjgsj.authservice.security - LOGOUT - Username: user-2, UserId: 2, IP: unknown
2026-05-29 19:40:15.291 [main] INFO  cn.gsjgsj.authservice.security - LOGOUT - Username: user-3458, UserId: 3458, IP: unknown
2026-05-29 19:40:15.411 [main] INFO  cn.gsjgsj.authservice.security - LOGOUT - Username: user-17287, UserId: 17287, IP: unknown
2026-05-29 19:40:15.531 [main] INFO  cn.gsjgsj.authservice.security - LOGOUT - Username: user-22828, UserId: 22828, IP: unknown
2026-05-29 19:40:15.650 [main] INFO  cn.gsjgsj.authservice.security - LOGOUT - Username: user-1, UserId: 1, IP: unknown
2026-05-29 19:40:15.770 [main] INFO  cn.gsjgsj.authservice.security - LOGOUT - Username: user-3580, UserId: 3580, IP: unknown
2026-05-29 19:40:15.889 [main] INFO  cn.gsjgsj.authservice.security - LOGOUT - Username: user-58, UserId: 58, IP: unknown
2026-05-29 19:40:16.009 [main] INFO  cn.gsjgsj.authservice.security - LOGOUT - Username: user-309706, UserId: 309706, IP: unknown
2026-05-29 19:40:16.129 [main] INFO  cn.gsjgsj.authservice.security - LOGOUT - Username: user-1, UserId: 1, IP: unknown
2026-05-29 19:40:16.250 [main] INFO  cn.gsjgsj.authservice.security - LOGOUT - Username: user-3499, UserId: 3499, IP: unknown
2026-05-29 19:40:16.369 [main] INFO  cn.gsjgsj.authservice.security - LOGOUT - Username: user-999999, UserId: 999999, IP: unknown
2026-05-29 19:40:16.489 [main] INFO  cn.gsjgsj.authservice.security - LOGOUT - Username: user-3, UserId: 3, IP: unknown
2026-05-29 19:40:16.609 [main] INFO  cn.gsjgsj.authservice.security - LOGOUT - Username: user-3895, UserId: 3895, IP: unknown
2026-05-29 19:40:16.729 [main] INFO  cn.gsjgsj.authservice.security - LOGOUT - Username: user-17536, UserId: 17536, IP: unknown
2026-05-29 19:40:16.849 [main] INFO  cn.gsjgsj.authservice.security - LOGOUT - Username: user-334, UserId: 334, IP: unknown
2026-05-29 19:40:16.969 [main] INFO  cn.gsjgsj.authservice.security - LOGOUT - Username: user-22211, UserId: 22211, IP: unknown
2026-05-29 19:40:17.090 [main] INFO  cn.gsjgsj.authservice.security - LOGOUT - Username: user-4, UserId: 4, IP: unknown
2026-05-29 19:40:17.210 [main] INFO  cn.gsjgsj.authservice.security - LOGOUT - Username: user-3379, UserId: 3379, IP: unknown
2026-05-29 19:40:17.330 [main] INFO  cn.gsjgsj.authservice.security - LOGOUT - Username: user-6989, UserId: 6989, IP: unknown
2026-05-29 19:40:17.450 [main] INFO  cn.gsjgsj.authservice.security - LOGOUT - Username: user-547, UserId: 547, IP: unknown
2026-05-29 19:40:17.570 [main] INFO  cn.gsjgsj.authservice.security - LOGOUT - Username: user-26549, UserId: 26549, IP: unknown
2026-05-29 19:40:17.689 [main] INFO  cn.gsjgsj.authservice.security - LOGOUT - Username: user-263077, UserId: 263077, IP: unknown
2026-05-29 19:40:17.811 [main] INFO  cn.gsjgsj.authservice.security - LOGOUT - Username: user-654713, UserId: 654713, IP: unknown
2026-05-29 19:40:17.931 [main] INFO  cn.gsjgsj.authservice.security - LOGOUT - Username: user-261375, UserId: 261375, IP: unknown
2026-05-29 19:40:18.050 [main] INFO  cn.gsjgsj.authservice.security - LOGOUT - Username: user-60875, UserId: 60875, IP: unknown
2026-05-29 19:40:18.170 [main] INFO  cn.gsjgsj.authservice.security - LOGOUT - Username: user-15363, UserId: 15363, IP: unknown
2026-05-29 19:40:18.290 [main] INFO  cn.gsjgsj.authservice.security - LOGOUT - Username: user-1210, UserId: 1210, IP: unknown
2026-05-29 19:40:18.409 [main] INFO  cn.gsjgsj.authservice.security - LOGOUT - Username: user-14204, UserId: 14204, IP: unknown
2026-05-29 19:40:18.527 [main] INFO  cn.gsjgsj.authservice.security - LOGOUT - Username: user-25, UserId: 25, IP: unknown
2026-05-29 19:40:18.647 [main] INFO  cn.gsjgsj.authservice.security - LOGOUT - Username: user-363, UserId: 363, IP: unknown
2026-05-29 19:40:18.764 [main] INFO  cn.gsjgsj.authservice.security - LOGOUT - Username: user-4414, UserId: 4414, IP: unknown
2026-05-29 19:40:18.884 [main] INFO  cn.gsjgsj.authservice.security - LOGOUT - Username: user-5, UserId: 5, IP: unknown
2026-05-29 19:40:19.002 [main] INFO  cn.gsjgsj.authservice.security - LOGOUT - Username: user-2, UserId: 2, IP: unknown
2026-05-29 19:40:19.119 [main] INFO  cn.gsjgsj.authservice.security - LOGOUT - Username: user-1, UserId: 1, IP: unknown
2026-05-29 19:40:19.238 [main] INFO  cn.gsjgsj.authservice.security - LOGOUT - Username: user-325, UserId: 325, IP: unknown
2026-05-29 19:40:19.356 [main] INFO  cn.gsjgsj.authservice.security - LOGOUT - Username: user-1, UserId: 1, IP: unknown
2026-05-29 19:40:19.473 [main] INFO  cn.gsjgsj.authservice.security - LOGOUT - Username: user-31, UserId: 31, IP: unknown
2026-05-29 19:40:19.591 [main] INFO  cn.gsjgsj.authservice.security - LOGOUT - Username: user-112, UserId: 112, IP: unknown
2026-05-29 19:40:19.710 [main] INFO  cn.gsjgsj.authservice.security - LOGOUT - Username: user-163579, UserId: 163579, IP: unknown
2026-05-29 19:40:19.827 [main] INFO  cn.gsjgsj.authservice.security - LOGOUT - Username: user-1312, UserId: 1312, IP: unknown
2026-05-29 19:40:19.945 [main] INFO  cn.gsjgsj.authservice.security - LOGOUT - Username: user-2263, UserId: 2263, IP: unknown
2026-05-29 19:40:20.065 [main] INFO  cn.gsjgsj.authservice.security - LOGOUT - Username: user-17637, UserId: 17637, IP: unknown
2026-05-29 19:40:20.184 [main] INFO  cn.gsjgsj.authservice.security - LOGOUT - Username: user-550, UserId: 550, IP: unknown
2026-05-29 19:40:20.303 [main] INFO  cn.gsjgsj.authservice.security - LOGOUT - Username: user-2, UserId: 2, IP: unknown
2026-05-29 19:40:20.423 [main] INFO  cn.gsjgsj.authservice.security - LOGOUT - Username: user-37436, UserId: 37436, IP: unknown
2026-05-29 19:40:20.540 [main] INFO  cn.gsjgsj.authservice.security - LOGOUT - Username: user-4352, UserId: 4352, IP: unknown
2026-05-29 19:40:20.656 [main] INFO  cn.gsjgsj.authservice.security - LOGOUT - Username: user-3750, UserId: 3750, IP: unknown
2026-05-29 19:40:20.773 [main] INFO  cn.gsjgsj.authservice.security - LOGOUT - Username: user-1000000, UserId: 1000000, IP: unknown
2026-05-29 19:40:20.890 [main] INFO  cn.gsjgsj.authservice.security - LOGOUT - Username: user-8901, UserId: 8901, IP: unknown
2026-05-29 19:40:21.007 [main] INFO  cn.gsjgsj.authservice.security - LOGOUT - Username: user-42648, UserId: 42648, IP: unknown
2026-05-29 19:40:21.124 [main] INFO  cn.gsjgsj.authservice.security - LOGOUT - Username: user-206, UserId: 206, IP: unknown
2026-05-29 19:40:21.241 [main] INFO  cn.gsjgsj.authservice.security - LOGOUT - Username: user-76524, UserId: 76524, IP: unknown
2026-05-29 19:40:21.358 [main] INFO  cn.gsjgsj.authservice.security - LOGOUT - Username: user-213, UserId: 213, IP: unknown
2026-05-29 19:40:21.475 [main] INFO  cn.gsjgsj.authservice.security - LOGOUT - Username: user-258057, UserId: 258057, IP: unknown
2026-05-29 19:40:21.593 [main] INFO  cn.gsjgsj.authservice.security - LOGOUT - Username: user-48, UserId: 48, IP: unknown
2026-05-29 19:40:21.711 [main] INFO  cn.gsjgsj.authservice.security - LOGOUT - Username: user-15, UserId: 15, IP: unknown
2026-05-29 19:40:21.829 [main] INFO  cn.gsjgsj.authservice.security - LOGOUT - Username: user-5401, UserId: 5401, IP: unknown
2026-05-29 19:40:21.948 [main] INFO  cn.gsjgsj.authservice.security - LOGOUT - Username: user-16, UserId: 16, IP: unknown
2026-05-29 19:40:22.065 [main] INFO  cn.gsjgsj.authservice.security - LOGOUT - Username: user-1000000, UserId: 1000000, IP: unknown
2026-05-29 19:40:22.183 [main] INFO  cn.gsjgsj.authservice.security - LOGOUT - Username: user-3, UserId: 3, IP: unknown
2026-05-29 19:40:22.302 [main] INFO  cn.gsjgsj.authservice.security - LOGOUT - Username: user-142, UserId: 142, IP: unknown
2026-05-29 19:40:22.421 [main] INFO  cn.gsjgsj.authservice.security - LOGOUT - Username: user-6, UserId: 6, IP: unknown
2026-05-29 19:40:22.541 [main] INFO  cn.gsjgsj.authservice.security - LOGOUT - Username: user-10093, UserId: 10093, IP: unknown
2026-05-29 19:40:22.661 [main] INFO  cn.gsjgsj.authservice.security - LOGOUT - Username: user-1450, UserId: 1450, IP: unknown
2026-05-29 19:40:22.780 [main] INFO  cn.gsjgsj.authservice.security - LOGOUT - Username: user-776, UserId: 776, IP: unknown
2026-05-29 19:40:22.898 [main] INFO  cn.gsjgsj.authservice.security - LOGOUT - Username: user-920, UserId: 920, IP: unknown
2026-05-29 19:40:23.018 [main] INFO  cn.gsjgsj.authservice.security - LOGOUT - Username: user-675, UserId: 675, IP: unknown
2026-05-29 19:40:23.136 [main] INFO  cn.gsjgsj.authservice.security - LOGOUT - Username: user-69133, UserId: 69133, IP: unknown
2026-05-29 19:40:23.255 [main] INFO  cn.gsjgsj.authservice.security - LOGOUT - Username: user-143, UserId: 143, IP: unknown
2026-05-29 19:40:23.373 [main] INFO  cn.gsjgsj.authservice.security - LOGOUT - Username: user-813666, UserId: 813666, IP: unknown
2026-05-29 19:40:23.491 [main] INFO  cn.gsjgsj.authservice.security - LOGOUT - Username: user-619, UserId: 619, IP: unknown
2026-05-29 19:40:23.608 [main] INFO  cn.gsjgsj.authservice.security - LOGOUT - Username: user-21739, UserId: 21739, IP: unknown
2026-05-29 19:40:23.726 [main] INFO  cn.gsjgsj.authservice.security - LOGOUT - Username: user-123, UserId: 123, IP: unknown
2026-05-29 19:40:23.845 [main] INFO  cn.gsjgsj.authservice.security - LOGOUT - Username: user-369, UserId: 369, IP: unknown
2026-05-29 19:40:23.965 [main] INFO  cn.gsjgsj.authservice.security - LOGOUT - Username: user-53, UserId: 53, IP: unknown
2026-05-29 19:40:24.085 [main] INFO  cn.gsjgsj.authservice.security - LOGOUT - Username: user-1788, UserId: 1788, IP: unknown
2026-05-29 19:40:24.205 [main] INFO  cn.gsjgsj.authservice.security - LOGOUT - Username: user-4729, UserId: 4729, IP: unknown
2026-05-29 19:40:24.325 [main] INFO  cn.gsjgsj.authservice.security - LOGOUT - Username: user-16325, UserId: 16325, IP: unknown
2026-05-29 19:40:24.444 [main] INFO  cn.gsjgsj.authservice.security - LOGOUT - Username: user-18, UserId: 18, IP: unknown
2026-05-29 19:40:24.564 [main] INFO  cn.gsjgsj.authservice.security - LOGOUT - Username: user-1, UserId: 1, IP: unknown
2026-05-29 19:40:24.684 [main] INFO  cn.gsjgsj.authservice.security - LOGOUT - Username: user-158, UserId: 158, IP: unknown
2026-05-29 19:40:24.804 [main] INFO  cn.gsjgsj.authservice.security - LOGOUT - Username: user-999999, UserId: 999999, IP: unknown
2026-05-29 19:40:24.924 [main] INFO  cn.gsjgsj.authservice.security - LOGOUT - Username: user-16895, UserId: 16895, IP: unknown
2026-05-29 19:40:25.044 [main] INFO  cn.gsjgsj.authservice.security - LOGOUT - Username: user-651, UserId: 651, IP: unknown
2026-05-29 19:40:25.163 [main] INFO  cn.gsjgsj.authservice.security - LOGOUT - Username: user-1605, UserId: 1605, IP: unknown
2026-05-29 19:40:25.283 [main] INFO  cn.gsjgsj.authservice.security - LOGOUT - Username: user-389, UserId: 389, IP: unknown
2026-05-29 19:40:25.402 [main] INFO  cn.gsjgsj.authservice.security - LOGOUT - Username: user-139752, UserId: 139752, IP: unknown
2026-05-29 19:40:25.522 [main] INFO  cn.gsjgsj.authservice.security - LOGOUT - Username: user-47002, UserId: 47002, IP: unknown
2026-05-29 19:40:25.642 [main] INFO  cn.gsjgsj.authservice.security - LOGOUT - Username: user-61, UserId: 61, IP: unknown
2026-05-29 19:40:25.762 [main] INFO  cn.gsjgsj.authservice.security - LOGOUT - Username: user-999999, UserId: 999999, IP: unknown
2026-05-29 19:40:25.883 [main] INFO  cn.gsjgsj.authservice.security - LOGOUT - Username: user-40517, UserId: 40517, IP: unknown
2026-05-29 19:40:26.001 [main] INFO  cn.gsjgsj.authservice.security - LOGOUT - Username: user-485, UserId: 485, IP: unknown
2026-05-29 19:40:26.121 [main] INFO  cn.gsjgsj.authservice.security - LOGOUT - Username: user-672, UserId: 672, IP: unknown
2026-05-29 19:40:26.240 [main] INFO  cn.gsjgsj.authservice.security - LOGOUT - Username: user-333, UserId: 333, IP: unknown
2026-05-29 19:40:26.359 [main] INFO  cn.gsjgsj.authservice.security - LOGOUT - Username: user-395, UserId: 395, IP: unknown
2026-05-29 19:40:26.479 [main] INFO  cn.gsjgsj.authservice.security - LOGOUT - Username: user-15, UserId: 15, IP: unknown
2026-05-29 19:40:26.599 [main] INFO  cn.gsjgsj.authservice.security - LOGOUT - Username: user-136, UserId: 136, IP: unknown
2026-05-29 19:40:26.718 [main] INFO  cn.gsjgsj.authservice.security - LOGOUT - Username: user-103, UserId: 103, IP: unknown
2026-05-29 19:40:26.837 [main] INFO  cn.gsjgsj.authservice.security - LOGOUT - Username: user-8, UserId: 8, IP: unknown
2026-05-29 19:40:26.981 [main] INFO  cn.gsjgsj.authservice.security - LOGOUT - Username: user-25, UserId: 25, IP: unknown
2026-05-29 19:40:27.065 [main] INFO  cn.gsjgsj.authservice.security - LOGOUT - Username: user-4170, UserId: 4170, IP: unknown
2026-05-29 19:40:27.168 [main] INFO  cn.gsjgsj.authservice.security - LOGOUT - Username: user-23202, UserId: 23202, IP: unknown
2026-05-29 19:40:27.252 [main] INFO  cn.gsjgsj.authservice.security - LOGOUT - Username: user-18425, UserId: 18425, IP: unknown
2026-05-29 19:40:27.353 [main] INFO  cn.gsjgsj.authservice.security - LOGOUT - Username: user-52523, UserId: 52523, IP: unknown
2026-05-29 19:40:27.437 [main] INFO  cn.gsjgsj.authservice.security - LOGOUT - Username: user-68, UserId: 68, IP: unknown
2026-05-29 19:40:27.541 [main] INFO  cn.gsjgsj.authservice.security - LOGOUT - Username: user-34750, UserId: 34750, IP: unknown
2026-05-29 19:40:27.625 [main] INFO  cn.gsjgsj.authservice.security - LOGOUT - Username: user-896, UserId: 896, IP: unknown
2026-05-29 19:40:27.729 [main] INFO  cn.gsjgsj.authservice.security - LOGOUT - Username: user-142, UserId: 142, IP: unknown
2026-05-29 19:40:27.813 [main] INFO  cn.gsjgsj.authservice.security - LOGOUT - Username: user-1834, UserId: 1834, IP: unknown
2026-05-29 19:40:27.917 [main] INFO  cn.gsjgsj.authservice.security - LOGOUT - Username: user-543111, UserId: 543111, IP: unknown
2026-05-29 19:40:28.001 [main] INFO  cn.gsjgsj.authservice.security - LOGOUT - Username: user-2738, UserId: 2738, IP: unknown
2026-05-29 19:40:28.108 [main] INFO  cn.gsjgsj.authservice.security - LOGOUT - Username: user-7, UserId: 7, IP: unknown
2026-05-29 19:40:28.191 [main] INFO  cn.gsjgsj.authservice.security - LOGOUT - Username: user-5, UserId: 5, IP: unknown
2026-05-29 19:40:28.293 [main] INFO  cn.gsjgsj.authservice.security - LOGOUT - Username: user-817, UserId: 817, IP: unknown
2026-05-29 19:40:28.377 [main] INFO  cn.gsjgsj.authservice.security - LOGOUT - Username: user-978845, UserId: 978845, IP: unknown
2026-05-29 19:40:28.480 [main] INFO  cn.gsjgsj.authservice.security - LOGOUT - Username: user-41535, UserId: 41535, IP: unknown
2026-05-29 19:40:28.564 [main] INFO  cn.gsjgsj.authservice.security - LOGOUT - Username: user-2446, UserId: 2446, IP: unknown
2026-05-29 19:40:28.666 [main] INFO  cn.gsjgsj.authservice.security - LOGOUT - Username: user-24363, UserId: 24363, IP: unknown
2026-05-29 19:40:28.750 [main] INFO  cn.gsjgsj.authservice.security - LOGOUT - Username: user-112, UserId: 112, IP: unknown
2026-05-29 19:40:28.852 [main] INFO  cn.gsjgsj.authservice.security - LOGOUT - Username: user-36053, UserId: 36053, IP: unknown
2026-05-29 19:40:28.936 [main] INFO  cn.gsjgsj.authservice.security - LOGOUT - Username: user-33, UserId: 33, IP: unknown
2026-05-29 19:40:29.040 [main] INFO  cn.gsjgsj.authservice.security - LOGOUT - Username: user-660064, UserId: 660064, IP: unknown
2026-05-29 19:40:29.125 [main] INFO  cn.gsjgsj.authservice.security - LOGOUT - Username: user-679, UserId: 679, IP: unknown
2026-05-29 19:40:29.228 [main] INFO  cn.gsjgsj.authservice.security - LOGOUT - Username: user-330, UserId: 330, IP: unknown
2026-05-29 19:40:29.312 [main] INFO  cn.gsjgsj.authservice.security - LOGOUT - Username: user-1025, UserId: 1025, IP: unknown
2026-05-29 19:40:29.416 [main] INFO  cn.gsjgsj.authservice.security - LOGOUT - Username: user-1000000, UserId: 1000000, IP: unknown
2026-05-29 19:40:29.500 [main] INFO  cn.gsjgsj.authservice.security - LOGOUT - Username: user-471162, UserId: 471162, IP: unknown
2026-05-29 19:40:29.603 [main] INFO  cn.gsjgsj.authservice.security - LOGOUT - Username: user-701, UserId: 701, IP: unknown
2026-05-29 19:40:29.687 [main] INFO  cn.gsjgsj.authservice.security - LOGOUT - Username: user-25908, UserId: 25908, IP: unknown
2026-05-29 19:40:29.791 [main] INFO  cn.gsjgsj.authservice.security - LOGOUT - Username: user-163, UserId: 163, IP: unknown
2026-05-29 19:40:29.876 [main] INFO  cn.gsjgsj.authservice.security - LOGOUT - Username: user-15653, UserId: 15653, IP: unknown
2026-05-29 19:40:29.980 [main] INFO  cn.gsjgsj.authservice.security - LOGOUT - Username: user-3225, UserId: 3225, IP: unknown
2026-05-29 19:40:30.064 [main] INFO  cn.gsjgsj.authservice.security - LOGOUT - Username: user-36625, UserId: 36625, IP: unknown
2026-05-29 19:40:30.167 [main] INFO  cn.gsjgsj.authservice.security - LOGOUT - Username: user-22, UserId: 22, IP: unknown
2026-05-29 19:40:30.251 [main] INFO  cn.gsjgsj.authservice.security - LOGOUT - Username: user-225, UserId: 225, IP: unknown
2026-05-29 19:40:30.353 [main] INFO  cn.gsjgsj.authservice.security - LOGOUT - Username: user-17564, UserId: 17564, IP: unknown
2026-05-29 19:40:30.438 [main] INFO  cn.gsjgsj.authservice.security - LOGOUT - Username: user-42149, UserId: 42149, IP: unknown
2026-05-29 19:40:30.540 [main] INFO  cn.gsjgsj.authservice.security - LOGOUT - Username: user-625, UserId: 625, IP: unknown
2026-05-29 19:40:30.624 [main] INFO  cn.gsjgsj.authservice.security - LOGOUT - Username: user-10727, UserId: 10727, IP: unknown
2026-05-29 19:40:30.728 [main] INFO  cn.gsjgsj.authservice.security - LOGOUT - Username: user-578, UserId: 578, IP: unknown
2026-05-29 19:40:30.812 [main] INFO  cn.gsjgsj.authservice.security - LOGOUT - Username: user-613, UserId: 613, IP: unknown
2026-05-29 19:40:30.916 [main] INFO  cn.gsjgsj.authservice.security - LOGOUT - Username: user-684, UserId: 684, IP: unknown
2026-05-29 19:40:31.000 [main] INFO  cn.gsjgsj.authservice.security - LOGOUT - Username: user-4175, UserId: 4175, IP: unknown
2026-05-29 19:40:31.104 [main] INFO  cn.gsjgsj.authservice.security - LOGOUT - Username: user-3, UserId: 3, IP: unknown
2026-05-29 19:40:31.187 [main] INFO  cn.gsjgsj.authservice.security - LOGOUT - Username: user-281800, UserId: 281800, IP: unknown
2026-05-29 19:40:31.289 [main] INFO  cn.gsjgsj.authservice.security - LOGOUT - Username: user-3360, UserId: 3360, IP: unknown
2026-05-29 19:40:31.373 [main] INFO  cn.gsjgsj.authservice.security - LOGOUT - Username: user-62, UserId: 62, IP: unknown
2026-05-29 19:40:31.475 [main] INFO  cn.gsjgsj.authservice.security - LOGOUT - Username: user-17823, UserId: 17823, IP: unknown
2026-05-29 19:40:31.559 [main] INFO  cn.gsjgsj.authservice.security - LOGOUT - Username: user-41133, UserId: 41133, IP: unknown
2026-05-29 19:40:31.678 [main] INFO  cn.gsjgsj.authservice.security - LOGOUT - Username: user-140, UserId: 140, IP: unknown
2026-05-29 19:40:31.763 [main] INFO  cn.gsjgsj.authservice.security - LOGOUT - Username: user-36630, UserId: 36630, IP: unknown
2026-05-29 19:40:31.867 [main] INFO  cn.gsjgsj.authservice.security - LOGOUT - Username: user-227, UserId: 227, IP: unknown
2026-05-29 19:40:31.951 [main] INFO  cn.gsjgsj.authservice.security - LOGOUT - Username: user-1183, UserId: 1183, IP: unknown
2026-05-29 19:40:32.052 [main] INFO  cn.gsjgsj.authservice.security - LOGOUT - Username: user-14, UserId: 14, IP: unknown
2026-05-29 19:40:32.136 [main] INFO  cn.gsjgsj.authservice.security - LOGOUT - Username: user-31, UserId: 31, IP: unknown
2026-05-29 19:40:32.240 [main] INFO  cn.gsjgsj.authservice.security - LOGOUT - Username: user-24879, UserId: 24879, IP: unknown
2026-05-29 19:40:32.324 [main] INFO  cn.gsjgsj.authservice.security - LOGOUT - Username: user-2457, UserId: 2457, IP: unknown
2026-05-29 19:40:32.428 [main] INFO  cn.gsjgsj.authservice.security - LOGOUT - Username: user-13101, UserId: 13101, IP: unknown
2026-05-29 19:40:32.512 [main] INFO  cn.gsjgsj.authservice.security - LOGOUT - Username: user-32056, UserId: 32056, IP: unknown
2026-05-29 19:40:32.615 [main] INFO  cn.gsjgsj.authservice.security - LOGOUT - Username: user-1, UserId: 1, IP: unknown
2026-05-29 19:40:32.698 [main] INFO  cn.gsjgsj.authservice.security - LOGOUT - Username: user-113800, UserId: 113800, IP: unknown
2026-05-29 19:40:32.802 [main] INFO  cn.gsjgsj.authservice.security - LOGOUT - Username: user-12, UserId: 12, IP: unknown
2026-05-29 19:40:32.886 [main] INFO  cn.gsjgsj.authservice.security - LOGOUT - Username: user-2323, UserId: 2323, IP: unknown
2026-05-29 19:40:32.989 [main] INFO  cn.gsjgsj.authservice.security - LOGOUT - Username: user-186, UserId: 186, IP: unknown
2026-05-29 19:40:33.073 [main] INFO  cn.gsjgsj.authservice.security - LOGOUT - Username: user-7679, UserId: 7679, IP: unknown
2026-05-29 19:40:33.177 [main] INFO  cn.gsjgsj.authservice.security - LOGOUT - Username: user-107, UserId: 107, IP: unknown
2026-05-29 19:40:33.261 [main] INFO  cn.gsjgsj.authservice.security - LOGOUT - Username: user-331, UserId: 331, IP: unknown
2026-05-29 19:40:33.364 [main] INFO  cn.gsjgsj.authservice.security - LOGOUT - Username: user-213, UserId: 213, IP: unknown
2026-05-29 19:40:33.447 [main] INFO  cn.gsjgsj.authservice.security - LOGOUT - Username: user-15075, UserId: 15075, IP: unknown
2026-05-29 19:40:33.551 [main] INFO  cn.gsjgsj.authservice.security - LOGOUT - Username: user-2, UserId: 2, IP: unknown
2026-05-29 19:40:33.635 [main] INFO  cn.gsjgsj.authservice.security - LOGOUT - Username: user-1, UserId: 1, IP: unknown
2026-05-29 19:40:33.737 [main] INFO  cn.gsjgsj.authservice.security - LOGOUT - Username: user-11, UserId: 11, IP: unknown
2026-05-29 19:40:33.821 [main] INFO  cn.gsjgsj.authservice.security - LOGOUT - Username: user-1336, UserId: 1336, IP: unknown
2026-05-29 19:40:33.925 [main] INFO  cn.gsjgsj.authservice.security - LOGOUT - Username: user-1544, UserId: 1544, IP: unknown
2026-05-29 19:40:34.009 [main] INFO  cn.gsjgsj.authservice.security - LOGOUT - Username: user-252, UserId: 252, IP: unknown
2026-05-29 19:40:34.113 [main] INFO  cn.gsjgsj.authservice.security - LOGOUT - Username: user-1405, UserId: 1405, IP: unknown
2026-05-29 19:40:34.197 [main] INFO  cn.gsjgsj.authservice.security - LOGOUT - Username: user-54917, UserId: 54917, IP: unknown
2026-05-29 19:40:34.300 [main] INFO  cn.gsjgsj.authservice.security - LOGOUT - Username: user-125, UserId: 125, IP: unknown
2026-05-29 19:40:34.382 [main] INFO  cn.gsjgsj.authservice.security - LOGOUT - Username: user-52318, UserId: 52318, IP: unknown
2026-05-29 19:40:34.485 [main] INFO  cn.gsjgsj.authservice.security - LOGOUT - Username: user-520, UserId: 520, IP: unknown
2026-05-29 19:40:34.569 [main] INFO  cn.gsjgsj.authservice.security - LOGOUT - Username: user-70, UserId: 70, IP: unknown
2026-05-29 19:40:34.673 [main] INFO  cn.gsjgsj.authservice.security - LOGOUT - Username: user-529850, UserId: 529850, IP: unknown
2026-05-29 19:40:34.757 [main] INFO  cn.gsjgsj.authservice.security - LOGOUT - Username: user-2, UserId: 2, IP: unknown
2026-05-29 19:40:34.861 [main] INFO  cn.gsjgsj.authservice.security - LOGOUT - Username: user-22170, UserId: 22170, IP: unknown
2026-05-29 19:40:34.945 [main] INFO  cn.gsjgsj.authservice.security - LOGOUT - Username: user-15, UserId: 15, IP: unknown
2026-05-29 19:40:35.049 [main] INFO  cn.gsjgsj.authservice.security - LOGOUT - Username: user-40073, UserId: 40073, IP: unknown
2026-05-29 19:40:35.133 [main] INFO  cn.gsjgsj.authservice.security - LOGOUT - Username: user-7, UserId: 7, IP: unknown
2026-05-29 19:40:35.236 [main] INFO  cn.gsjgsj.authservice.security - LOGOUT - Username: user-8, UserId: 8, IP: unknown
2026-05-29 19:40:35.320 [main] INFO  cn.gsjgsj.authservice.security - LOGOUT - Username: user-22, UserId: 22, IP: unknown
2026-05-29 19:40:35.423 [main] INFO  cn.gsjgsj.authservice.security - LOGOUT - Username: user-99267, UserId: 99267, IP: unknown
2026-05-29 19:40:35.507 [main] INFO  cn.gsjgsj.authservice.security - LOGOUT - Username: user-25, UserId: 25, IP: unknown
2026-05-29 19:40:35.611 [main] INFO  cn.gsjgsj.authservice.security - LOGOUT - Username: user-5, UserId: 5, IP: unknown
2026-05-29 19:40:35.695 [main] INFO  cn.gsjgsj.authservice.security - LOGOUT - Username: user-253, UserId: 253, IP: unknown
2026-05-29 19:40:35.798 [main] INFO  cn.gsjgsj.authservice.security - LOGOUT - Username: user-34375, UserId: 34375, IP: unknown
2026-05-29 19:40:35.882 [main] INFO  cn.gsjgsj.authservice.security - LOGOUT - Username: user-714166, UserId: 714166, IP: unknown
2026-05-29 19:40:35.986 [main] INFO  cn.gsjgsj.authservice.security - LOGOUT - Username: user-114492, UserId: 114492, IP: unknown
2026-05-29 19:40:36.070 [main] INFO  cn.gsjgsj.authservice.security - LOGOUT - Username: user-5972, UserId: 5972, IP: unknown
2026-05-29 19:40:36.172 [main] INFO  cn.gsjgsj.authservice.security - LOGOUT - Username: user-354, UserId: 354, IP: unknown
2026-05-29 19:40:36.256 [main] INFO  cn.gsjgsj.authservice.security - LOGOUT - Username: user-1, UserId: 1, IP: unknown
2026-05-29 19:40:36.360 [main] INFO  cn.gsjgsj.authservice.security - LOGOUT - Username: user-82317, UserId: 82317, IP: unknown
2026-05-29 19:40:36.444 [main] INFO  cn.gsjgsj.authservice.security - LOGOUT - Username: user-1543, UserId: 1543, IP: unknown
2026-05-29 19:40:36.548 [main] INFO  cn.gsjgsj.authservice.security - LOGOUT - Username: user-224, UserId: 224, IP: unknown
2026-05-29 19:40:36.632 [main] INFO  cn.gsjgsj.authservice.security - LOGOUT - Username: user-15, UserId: 15, IP: unknown
2026-05-29 19:40:36.735 [main] INFO  cn.gsjgsj.authservice.security - LOGOUT - Username: user-303376, UserId: 303376, IP: unknown
2026-05-29 19:40:36.818 [main] INFO  cn.gsjgsj.authservice.security - LOGOUT - Username: user-657, UserId: 657, IP: unknown
2026-05-29 19:40:36.922 [main] INFO  cn.gsjgsj.authservice.security - LOGOUT - Username: user-862519, UserId: 862519, IP: unknown
2026-05-29 19:40:37.006 [main] INFO  cn.gsjgsj.authservice.security - LOGOUT - Username: user-3587, UserId: 3587, IP: unknown
2026-05-29 19:40:37.110 [main] INFO  cn.gsjgsj.authservice.security - LOGOUT - Username: user-34207, UserId: 34207, IP: unknown
2026-05-29 19:40:37.194 [main] INFO  cn.gsjgsj.authservice.security - LOGOUT - Username: user-491, UserId: 491, IP: unknown
2026-05-29 19:40:37.299 [main] INFO  cn.gsjgsj.authservice.security - LOGOUT - Username: user-1803, UserId: 1803, IP: unknown
2026-05-29 19:40:37.383 [main] INFO  cn.gsjgsj.authservice.security - LOGOUT - Username: user-31, UserId: 31, IP: unknown
2026-05-29 19:40:37.488 [main] INFO  cn.gsjgsj.authservice.security - LOGOUT - Username: user-3, UserId: 3, IP: unknown
2026-05-29 19:40:37.573 [main] INFO  cn.gsjgsj.authservice.security - LOGOUT - Username: user-135199, UserId: 135199, IP: unknown
2026-05-29 19:40:37.677 [main] INFO  cn.gsjgsj.authservice.security - LOGOUT - Username: user-1507, UserId: 1507, IP: unknown
2026-05-29 19:40:37.761 [main] INFO  cn.gsjgsj.authservice.security - LOGOUT - Username: user-1, UserId: 1, IP: unknown
2026-05-29 19:40:37.864 [main] INFO  cn.gsjgsj.authservice.security - LOGOUT - Username: user-18450, UserId: 18450, IP: unknown
2026-05-29 19:40:37.948 [main] INFO  cn.gsjgsj.authservice.security - LOGOUT - Username: user-90, UserId: 90, IP: unknown
2026-05-29 19:40:38.050 [main] INFO  cn.gsjgsj.authservice.security - LOGOUT - Username: user-11, UserId: 11, IP: unknown
2026-05-29 19:40:38.133 [main] INFO  cn.gsjgsj.authservice.security - LOGOUT - Username: user-597, UserId: 597, IP: unknown
2026-05-29 19:40:38.237 [main] INFO  cn.gsjgsj.authservice.security - LOGOUT - Username: user-9384, UserId: 9384, IP: unknown
2026-05-29 19:40:38.321 [main] INFO  cn.gsjgsj.authservice.security - LOGOUT - Username: user-19849, UserId: 19849, IP: unknown
2026-05-29 19:40:38.424 [main] INFO  cn.gsjgsj.authservice.security - LOGOUT - Username: user-33, UserId: 33, IP: unknown
2026-05-29 19:40:38.508 [main] INFO  cn.gsjgsj.authservice.security - LOGOUT - Username: user-2381, UserId: 2381, IP: unknown
2026-05-29 19:40:38.611 [main] INFO  cn.gsjgsj.authservice.security - LOGOUT - Username: user-2, UserId: 2, IP: unknown
2026-05-29 19:40:38.695 [main] INFO  cn.gsjgsj.authservice.security - LOGOUT - Username: user-1, UserId: 1, IP: unknown
2026-05-29 19:40:38.800 [main] INFO  cn.gsjgsj.authservice.security - LOGOUT - Username: user-5522, UserId: 5522, IP: unknown
2026-05-29 19:40:38.884 [main] INFO  cn.gsjgsj.authservice.security - LOGOUT - Username: user-481371, UserId: 481371, IP: unknown
2026-05-29 19:40:38.988 [main] INFO  cn.gsjgsj.authservice.security - LOGOUT - Username: user-146, UserId: 146, IP: unknown
2026-05-29 19:40:39.072 [main] INFO  cn.gsjgsj.authservice.security - LOGOUT - Username: user-212, UserId: 212, IP: unknown
2026-05-29 19:40:39.176 [main] INFO  cn.gsjgsj.authservice.security - LOGOUT - Username: user-17108, UserId: 17108, IP: unknown
2026-05-29 19:40:39.260 [main] INFO  cn.gsjgsj.authservice.security - LOGOUT - Username: user-589112, UserId: 589112, IP: unknown
2026-05-29 19:40:39.363 [main] INFO  cn.gsjgsj.authservice.security - LOGOUT - Username: user-2, UserId: 2, IP: unknown
2026-05-29 19:40:39.447 [main] INFO  cn.gsjgsj.authservice.security - LOGOUT - Username: user-1, UserId: 1, IP: unknown
2026-05-29 19:40:39.551 [main] INFO  cn.gsjgsj.authservice.security - LOGOUT - Username: user-15944, UserId: 15944, IP: unknown
2026-05-29 19:40:39.635 [main] INFO  cn.gsjgsj.authservice.security - LOGOUT - Username: user-43586, UserId: 43586, IP: unknown
2026-05-29 19:40:39.738 [main] INFO  cn.gsjgsj.authservice.security - LOGOUT - Username: user-131, UserId: 131, IP: unknown
2026-05-29 19:40:39.822 [main] INFO  cn.gsjgsj.authservice.security - LOGOUT - Username: user-86153, UserId: 86153, IP: unknown
2026-05-29 19:40:39.924 [main] INFO  cn.gsjgsj.authservice.security - LOGOUT - Username: user-7, UserId: 7, IP: unknown
2026-05-29 19:40:40.008 [main] INFO  cn.gsjgsj.authservice.security - LOGOUT - Username: user-517677, UserId: 517677, IP: unknown
2026-05-29 19:40:40.111 [main] INFO  cn.gsjgsj.authservice.security - LOGOUT - Username: user-50432, UserId: 50432, IP: unknown
2026-05-29 19:40:40.195 [main] INFO  cn.gsjgsj.authservice.security - LOGOUT - Username: user-5062, UserId: 5062, IP: unknown
2026-05-29 19:40:40.298 [main] INFO  cn.gsjgsj.authservice.security - LOGOUT - Username: user-2, UserId: 2, IP: unknown
2026-05-29 19:40:40.382 [main] INFO  cn.gsjgsj.authservice.security - LOGOUT - Username: user-1, UserId: 1, IP: unknown
2026-05-29 19:40:40.486 [main] INFO  cn.gsjgsj.authservice.security - LOGOUT - Username: user-597, UserId: 597, IP: unknown
2026-05-29 19:40:40.570 [main] INFO  cn.gsjgsj.authservice.security - LOGOUT - Username: user-627, UserId: 627, IP: unknown
2026-05-29 19:40:40.673 [main] INFO  cn.gsjgsj.authservice.security - LOGOUT - Username: user-5608, UserId: 5608, IP: unknown
2026-05-29 19:40:40.757 [main] INFO  cn.gsjgsj.authservice.security - LOGOUT - Username: user-17648, UserId: 17648, IP: unknown
2026-05-29 19:40:40.860 [main] INFO  cn.gsjgsj.authservice.security - LOGOUT - Username: user-195, UserId: 195, IP: unknown
2026-05-29 19:40:40.944 [main] INFO  cn.gsjgsj.authservice.security - LOGOUT - Username: user-16327, UserId: 16327, IP: unknown
2026-05-29 19:40:41.048 [main] INFO  cn.gsjgsj.authservice.security - LOGOUT - Username: user-768147, UserId: 768147, IP: unknown
2026-05-29 19:40:41.132 [main] INFO  cn.gsjgsj.authservice.security - LOGOUT - Username: user-3489, UserId: 3489, IP: unknown
2026-05-29 19:40:41.236 [main] INFO  cn.gsjgsj.authservice.security - LOGOUT - Username: user-10132, UserId: 10132, IP: unknown
2026-05-29 19:40:41.320 [main] INFO  cn.gsjgsj.authservice.security - LOGOUT - Username: user-2, UserId: 2, IP: unknown
2026-05-29 19:40:41.423 [main] INFO  cn.gsjgsj.authservice.security - LOGOUT - Username: user-87244, UserId: 87244, IP: unknown
2026-05-29 19:40:41.507 [main] INFO  cn.gsjgsj.authservice.security - LOGOUT - Username: user-612, UserId: 612, IP: unknown
2026-05-29 19:40:41.611 [main] INFO  cn.gsjgsj.authservice.security - LOGOUT - Username: user-559, UserId: 559, IP: unknown
2026-05-29 19:40:41.695 [main] INFO  cn.gsjgsj.authservice.security - LOGOUT - Username: user-939062, UserId: 939062, IP: unknown
2026-05-29 19:40:41.799 [main] INFO  cn.gsjgsj.authservice.security - LOGOUT - Username: user-802870, UserId: 802870, IP: unknown
2026-05-29 19:40:41.883 [main] INFO  cn.gsjgsj.authservice.security - LOGOUT - Username: user-5, UserId: 5, IP: unknown
2026-05-29 19:40:41.987 [main] INFO  cn.gsjgsj.authservice.security - LOGOUT - Username: user-16880, UserId: 16880, IP: unknown
2026-05-29 19:40:42.071 [main] INFO  cn.gsjgsj.authservice.security - LOGOUT - Username: user-668362, UserId: 668362, IP: unknown
2026-05-29 19:40:42.175 [main] INFO  cn.gsjgsj.authservice.security - LOGOUT - Username: user-148928, UserId: 148928, IP: unknown
2026-05-29 19:40:42.259 [main] INFO  cn.gsjgsj.authservice.security - LOGOUT - Username: user-125, UserId: 125, IP: unknown
2026-05-29 19:40:42.363 [main] INFO  cn.gsjgsj.authservice.security - LOGOUT - Username: user-14, UserId: 14, IP: unknown
2026-05-29 19:40:42.446 [main] INFO  cn.gsjgsj.authservice.security - LOGOUT - Username: user-4, UserId: 4, IP: unknown
2026-05-29 19:40:42.550 [main] INFO  cn.gsjgsj.authservice.security - LOGOUT - Username: user-478, UserId: 478, IP: unknown
2026-05-29 19:40:42.634 [main] INFO  cn.gsjgsj.authservice.security - LOGOUT - Username: user-999999, UserId: 999999, IP: unknown
2026-05-29 19:40:42.737 [main] INFO  cn.gsjgsj.authservice.security - LOGOUT - Username: user-127649, UserId: 127649, IP: unknown
2026-05-29 19:40:42.821 [main] INFO  cn.gsjgsj.authservice.security - LOGOUT - Username: user-16558, UserId: 16558, IP: unknown
2026-05-29 19:40:42.925 [main] INFO  cn.gsjgsj.authservice.security - LOGOUT - Username: user-156151, UserId: 156151, IP: unknown
2026-05-29 19:40:43.009 [main] INFO  cn.gsjgsj.authservice.security - LOGOUT - Username: user-529143, UserId: 529143, IP: unknown
2026-05-29 19:40:43.113 [main] INFO  cn.gsjgsj.authservice.security - LOGOUT - Username: user-3885, UserId: 3885, IP: unknown
2026-05-29 19:40:43.197 [main] INFO  cn.gsjgsj.authservice.security - LOGOUT - Username: user-14299, UserId: 14299, IP: unknown
2026-05-29 19:40:43.301 [main] INFO  cn.gsjgsj.authservice.security - LOGOUT - Username: user-31962, UserId: 31962, IP: unknown
2026-05-29 19:40:43.385 [main] INFO  cn.gsjgsj.authservice.security - LOGOUT - Username: user-33517, UserId: 33517, IP: unknown
2026-05-29 19:40:43.488 [main] INFO  cn.gsjgsj.authservice.security - LOGOUT - Username: user-47176, UserId: 47176, IP: unknown
2026-05-29 19:40:43.572 [main] INFO  cn.gsjgsj.authservice.security - LOGOUT - Username: user-29, UserId: 29, IP: unknown
2026-05-29 19:40:43.676 [main] INFO  cn.gsjgsj.authservice.security - LOGOUT - Username: user-68959, UserId: 68959, IP: unknown
2026-05-29 19:40:43.760 [main] INFO  cn.gsjgsj.authservice.security - LOGOUT - Username: user-110393, UserId: 110393, IP: unknown
2026-05-29 19:40:43.864 [main] INFO  cn.gsjgsj.authservice.security - LOGOUT - Username: user-2623, UserId: 2623, IP: unknown
2026-05-29 19:40:43.948 [main] INFO  cn.gsjgsj.authservice.security - LOGOUT - Username: user-24, UserId: 24, IP: unknown
2026-05-29 19:40:44.052 [main] INFO  cn.gsjgsj.authservice.security - LOGOUT - Username: user-526, UserId: 526, IP: unknown
2026-05-29 19:40:44.136 [main] INFO  cn.gsjgsj.authservice.security - LOGOUT - Username: user-340282, UserId: 340282, IP: unknown
2026-05-29 19:40:44.239 [main] INFO  cn.gsjgsj.authservice.security - LOGOUT - Username: user-2, UserId: 2, IP: unknown
2026-05-29 19:40:44.323 [main] INFO  cn.gsjgsj.authservice.security - LOGOUT - Username: user-3898, UserId: 3898, IP: unknown
2026-05-29 19:40:44.427 [main] INFO  cn.gsjgsj.authservice.security - LOGOUT - Username: user-182, UserId: 182, IP: unknown
2026-05-29 19:40:44.511 [main] INFO  cn.gsjgsj.authservice.security - LOGOUT - Username: user-474995, UserId: 474995, IP: unknown
2026-05-29 19:40:44.615 [main] INFO  cn.gsjgsj.authservice.security - LOGOUT - Username: user-999999, UserId: 999999, IP: unknown
2026-05-29 19:40:44.699 [main] INFO  cn.gsjgsj.authservice.security - LOGOUT - Username: user-190, UserId: 190, IP: unknown
2026-05-29 19:40:44.803 [main] INFO  cn.gsjgsj.authservice.security - LOGOUT - Username: user-564, UserId: 564, IP: unknown
2026-05-29 19:40:44.887 [main] INFO  cn.gsjgsj.authservice.security - LOGOUT - Username: user-27254, UserId: 27254, IP: unknown
